[HalideReplacement] irm::Halide_AddToDiv at apps/harris/harris_generator.cpp:23:47: applied
[HalideReplacement] irm::Halide_AddToDiv at apps/harris/harris_generator.cpp:24:47: applied
[HalideReplacement] irm::Halide_AddToDiv at apps/harris/harris_generator.cpp:28:70: applied
[HalideReplacement] irm::Halide_AddToDiv at apps/harris/harris_generator.cpp:28:54: applied
[HalideReplacement] irm::Halide_AddToDiv at apps/harris/harris_generator.cpp:28:89: applied
[HalideReplacement] irm::Halide_AddToDiv at apps/harris/harris_generator.cpp:29:62: applied
[HalideReplacement] irm::Halide_AddToDiv at apps/harris/harris_generator.cpp:29:50: applied
[HalideReplacement] irm::Halide_AddToDiv at apps/harris/harris_generator.cpp:30:27: applied
[HalideReplacement] irm::Halide_AddToDiv at apps/harris/harris_generator.cpp:29:81: applied
[HalideReplacement] irm::Halide_AddToDiv at apps/harris/harris_generator.cpp:30:63: applied
[HalideReplacement] irm::Halide_AddToDiv at apps/harris/harris_generator.cpp:30:70: applied
[HalideReplacement] irm::Halide_AddToDiv at apps/harris/harris_generator.cpp:30:54: applied
[HalideReplacement] irm::Halide_AddToDiv at apps/harris/harris_generator.cpp:33:63: applied
[HalideReplacement] irm::Halide_AddToDiv at apps/harris/harris_generator.cpp:33:54: applied
[HalideReplacement] irm::Halide_AddToDiv at apps/harris/harris_generator.cpp:33:89: applied
[HalideReplacement] irm::Halide_AddToDiv at apps/harris/harris_generator.cpp:34:59: applied
[HalideReplacement] irm::Halide_AddToDiv at apps/harris/harris_generator.cpp:34:50: applied
[HalideReplacement] irm::Halide_AddToDiv at apps/harris/harris_generator.cpp:35:34: applied
[HalideReplacement] irm::Halide_AddToDiv at apps/harris/harris_generator.cpp:34:81: applied
[HalideReplacement] irm::Halide_AddToDiv at apps/harris/harris_generator.cpp:35:63: applied
[HalideReplacement] irm::Halide_AddToDiv at apps/harris/harris_generator.cpp:35:70: applied
[HalideReplacement] irm::Halide_AddToDiv at apps/harris/harris_generator.cpp:35:54: applied
[HalideReplacement] irm::Halide_AddToDiv at apps/harris/harris_generator.cpp:59:33: applied
[HalideReplacement] irm::Halide_AddToMul at apps/harris/harris_generator.cpp:23:47: applied
[HalideReplacement] irm::Halide_AddToMul at apps/harris/harris_generator.cpp:24:47: applied
[HalideReplacement] irm::Halide_AddToMul at apps/harris/harris_generator.cpp:28:70: applied
[HalideReplacement] irm::Halide_AddToMul at apps/harris/harris_generator.cpp:28:54: applied
[HalideReplacement] irm::Halide_AddToMul at apps/harris/harris_generator.cpp:28:89: applied
[HalideReplacement] irm::Halide_AddToMul at apps/harris/harris_generator.cpp:29:62: applied
[HalideReplacement] irm::Halide_AddToMul at apps/harris/harris_generator.cpp:29:50: applied
[HalideReplacement] irm::Halide_AddToMul at apps/harris/harris_generator.cpp:30:27: applied
[HalideReplacement] irm::Halide_AddToMul at apps/harris/harris_generator.cpp:29:81: applied
[HalideReplacement] irm::Halide_AddToMul at apps/harris/harris_generator.cpp:30:63: applied
[HalideReplacement] irm::Halide_AddToMul at apps/harris/harris_generator.cpp:30:70: applied
[HalideReplacement] irm::Halide_AddToMul at apps/harris/harris_generator.cpp:30:54: applied
[HalideReplacement] irm::Halide_AddToMul at apps/harris/harris_generator.cpp:33:63: applied
[HalideReplacement] irm::Halide_AddToMul at apps/harris/harris_generator.cpp:33:54: applied
[HalideReplacement] irm::Halide_AddToMul at apps/harris/harris_generator.cpp:33:89: applied
[HalideReplacement] irm::Halide_AddToMul at apps/harris/harris_generator.cpp:34:59: applied
[HalideReplacement] irm::Halide_AddToMul at apps/harris/harris_generator.cpp:34:50: applied
[HalideReplacement] irm::Halide_AddToMul at apps/harris/harris_generator.cpp:35:34: applied
[HalideReplacement] irm::Halide_AddToMul at apps/harris/harris_generator.cpp:34:81: applied
[HalideReplacement] irm::Halide_AddToMul at apps/harris/harris_generator.cpp:35:63: applied
[HalideReplacement] irm::Halide_AddToMul at apps/harris/harris_generator.cpp:35:70: applied
[HalideReplacement] irm::Halide_AddToMul at apps/harris/harris_generator.cpp:35:54: applied
[HalideReplacement] irm::Halide_AddToMul at apps/harris/harris_generator.cpp:59:33: applied
[HalideReplacement] irm::Halide_AddToSub at apps/harris/harris_generator.cpp:23:47: applied
[HalideReplacement] irm::Halide_AddToSub at apps/harris/harris_generator.cpp:24:47: applied
[HalideReplacement] irm::Halide_AddToSub at apps/harris/harris_generator.cpp:28:70: applied
[HalideReplacement] irm::Halide_AddToSub at apps/harris/harris_generator.cpp:28:54: applied
[HalideReplacement] irm::Halide_AddToSub at apps/harris/harris_generator.cpp:28:89: applied
[HalideReplacement] irm::Halide_AddToSub at apps/harris/harris_generator.cpp:29:62: applied
[HalideReplacement] irm::Halide_AddToSub at apps/harris/harris_generator.cpp:29:50: applied
[HalideReplacement] irm::Halide_AddToSub at apps/harris/harris_generator.cpp:30:27: applied
[HalideReplacement] irm::Halide_AddToSub at apps/harris/harris_generator.cpp:29:81: applied
[HalideReplacement] irm::Halide_AddToSub at apps/harris/harris_generator.cpp:30:63: applied
[HalideReplacement] irm::Halide_AddToSub at apps/harris/harris_generator.cpp:30:70: applied
[HalideReplacement] irm::Halide_AddToSub at apps/harris/harris_generator.cpp:30:54: applied
[HalideReplacement] irm::Halide_AddToSub at apps/harris/harris_generator.cpp:33:63: applied
[HalideReplacement] irm::Halide_AddToSub at apps/harris/harris_generator.cpp:33:54: applied
[HalideReplacement] irm::Halide_AddToSub at apps/harris/harris_generator.cpp:33:89: applied
[HalideReplacement] irm::Halide_AddToSub at apps/harris/harris_generator.cpp:34:59: applied
[HalideReplacement] irm::Halide_AddToSub at apps/harris/harris_generator.cpp:34:50: applied
[HalideReplacement] irm::Halide_AddToSub at apps/harris/harris_generator.cpp:35:34: applied
[HalideReplacement] irm::Halide_AddToSub at apps/harris/harris_generator.cpp:34:81: applied
[HalideReplacement] irm::Halide_AddToSub at apps/harris/harris_generator.cpp:35:63: applied
[HalideReplacement] irm::Halide_AddToSub at apps/harris/harris_generator.cpp:35:70: applied
[HalideReplacement] irm::Halide_AddToSub at apps/harris/harris_generator.cpp:35:54: applied
[HalideReplacement] irm::Halide_AddToSub at apps/harris/harris_generator.cpp:59:33: applied
[HalideReplacement] irm::Halide_MulToAdd at apps/harris/harris_generator.cpp:23:30: skip_sibling_absent_local
[HalideReplacement] irm::Halide_MulToAdd at apps/harris/harris_generator.cpp:24:30: skip_sibling_absent_local
[HalideReplacement] irm::Halide_MulToAdd at apps/harris/harris_generator.cpp:25:30: skip_sibling_absent_local
[HalideReplacement] irm::Halide_MulToAdd at apps/harris/harris_generator.cpp:28:39: skip_sibling_absent_local
[HalideReplacement] irm::Halide_MulToAdd at apps/harris/harris_generator.cpp:28:75: skip_sibling_absent_local
[HalideReplacement] irm::Halide_MulToAdd at apps/harris/harris_generator.cpp:29:35: skip_sibling_absent_local
[HalideReplacement] irm::Halide_MulToAdd at apps/harris/harris_generator.cpp:29:67: skip_sibling_absent_local
[HalideReplacement] irm::Halide_MulToAdd at apps/harris/harris_generator.cpp:30:39: skip_sibling_absent_local
[HalideReplacement] irm::Halide_MulToAdd at apps/harris/harris_generator.cpp:30:75: skip_sibling_absent_local
[HalideReplacement] irm::Halide_MulToAdd at apps/harris/harris_generator.cpp:33:39: skip_sibling_absent_local
[HalideReplacement] irm::Halide_MulToAdd at apps/harris/harris_generator.cpp:33:75: skip_sibling_absent_local
[HalideReplacement] irm::Halide_MulToAdd at apps/harris/harris_generator.cpp:34:35: skip_sibling_absent_local
[HalideReplacement] irm::Halide_MulToAdd at apps/harris/harris_generator.cpp:34:67: skip_sibling_absent_local
[HalideReplacement] irm::Halide_MulToAdd at apps/harris/harris_generator.cpp:35:39: skip_sibling_absent_local
[HalideReplacement] irm::Halide_MulToAdd at apps/harris/harris_generator.cpp:35:75: skip_sibling_absent_local
[HalideReplacement] irm::Halide_MulToAdd at apps/harris/harris_generator.cpp:38:30: applied
[HalideReplacement] irm::Halide_MulToAdd at apps/harris/harris_generator.cpp:41:30: applied
[HalideReplacement] irm::Halide_MulToAdd at apps/harris/harris_generator.cpp:44:30: applied
[HalideReplacement] irm::Halide_MulToAdd at apps/harris/harris_generator.cpp:56:31: applied
[HalideReplacement] irm::Halide_MulToAdd at apps/harris/harris_generator.cpp:56:55: applied
[HalideReplacement] irm::Halide_MulToAdd at apps/harris/harris_generator.cpp:61:42: skip_sibling_absent_local
[HalideReplacement] irm::Halide_MulToAdd at apps/harris/harris_generator.cpp:61:56: applied
[HalideReplacement] irm::Halide_MulToDiv at apps/harris/harris_generator.cpp:23:30: skip_sibling_absent_local
[HalideReplacement] irm::Halide_MulToDiv at apps/harris/harris_generator.cpp:24:30: skip_sibling_absent_local
[HalideReplacement] irm::Halide_MulToDiv at apps/harris/harris_generator.cpp:25:30: skip_sibling_absent_local
[HalideReplacement] irm::Halide_MulToDiv at apps/harris/harris_generator.cpp:28:39: skip_sibling_absent_local
[HalideReplacement] irm::Halide_MulToDiv at apps/harris/harris_generator.cpp:28:75: skip_sibling_absent_local
[HalideReplacement] irm::Halide_MulToDiv at apps/harris/harris_generator.cpp:29:35: skip_sibling_absent_local
[HalideReplacement] irm::Halide_MulToDiv at apps/harris/harris_generator.cpp:29:67: skip_sibling_absent_local
[HalideReplacement] irm::Halide_MulToDiv at apps/harris/harris_generator.cpp:30:39: skip_sibling_absent_local
[HalideReplacement] irm::Halide_MulToDiv at apps/harris/harris_generator.cpp:30:75: skip_sibling_absent_local
[HalideReplacement] irm::Halide_MulToDiv at apps/harris/harris_generator.cpp:33:39: skip_sibling_absent_local
[HalideReplacement] irm::Halide_MulToDiv at apps/harris/harris_generator.cpp:33:75: skip_sibling_absent_local
[HalideReplacement] irm::Halide_MulToDiv at apps/harris/harris_generator.cpp:34:35: skip_sibling_absent_local
[HalideReplacement] irm::Halide_MulToDiv at apps/harris/harris_generator.cpp:34:67: skip_sibling_absent_local
[HalideReplacement] irm::Halide_MulToDiv at apps/harris/harris_generator.cpp:35:39: skip_sibling_absent_local
[HalideReplacement] irm::Halide_MulToDiv at apps/harris/harris_generator.cpp:35:75: skip_sibling_absent_local
[HalideReplacement] irm::Halide_MulToDiv at apps/harris/harris_generator.cpp:38:30: applied
[HalideReplacement] irm::Halide_MulToDiv at apps/harris/harris_generator.cpp:41:30: applied
[HalideReplacement] irm::Halide_MulToDiv at apps/harris/harris_generator.cpp:44:30: applied
[HalideReplacement] irm::Halide_MulToDiv at apps/harris/harris_generator.cpp:56:31: applied
[HalideReplacement] irm::Halide_MulToDiv at apps/harris/harris_generator.cpp:56:55: applied
[HalideReplacement] irm::Halide_MulToDiv at apps/harris/harris_generator.cpp:61:42: skip_sibling_absent_local
[HalideReplacement] irm::Halide_MulToDiv at apps/harris/harris_generator.cpp:61:56: applied
[HalideReplacement] irm::Halide_MulToSub at apps/harris/harris_generator.cpp:23:30: skip_sibling_absent_local
[HalideReplacement] irm::Halide_MulToSub at apps/harris/harris_generator.cpp:24:30: skip_sibling_absent_local
[HalideReplacement] irm::Halide_MulToSub at apps/harris/harris_generator.cpp:25:30: skip_sibling_absent_local
[HalideReplacement] irm::Halide_MulToSub at apps/harris/harris_generator.cpp:28:39: skip_sibling_absent_local
[HalideReplacement] irm::Halide_MulToSub at apps/harris/harris_generator.cpp:28:75: skip_sibling_absent_local
[HalideReplacement] irm::Halide_MulToSub at apps/harris/harris_generator.cpp:29:35: skip_sibling_absent_local
[HalideReplacement] irm::Halide_MulToSub at apps/harris/harris_generator.cpp:29:67: skip_sibling_absent_local
[HalideReplacement] irm::Halide_MulToSub at apps/harris/harris_generator.cpp:30:39: skip_sibling_absent_local
[HalideReplacement] irm::Halide_MulToSub at apps/harris/harris_generator.cpp:30:75: skip_sibling_absent_local
[HalideReplacement] irm::Halide_MulToSub at apps/harris/harris_generator.cpp:33:39: skip_sibling_absent_local
[HalideReplacement] irm::Halide_MulToSub at apps/harris/harris_generator.cpp:33:75: skip_sibling_absent_local
[HalideReplacement] irm::Halide_MulToSub at apps/harris/harris_generator.cpp:34:35: skip_sibling_absent_local
[HalideReplacement] irm::Halide_MulToSub at apps/harris/harris_generator.cpp:34:67: skip_sibling_absent_local
[HalideReplacement] irm::Halide_MulToSub at apps/harris/harris_generator.cpp:35:39: skip_sibling_absent_local
[HalideReplacement] irm::Halide_MulToSub at apps/harris/harris_generator.cpp:35:75: skip_sibling_absent_local
[HalideReplacement] irm::Halide_MulToSub at apps/harris/harris_generator.cpp:38:30: applied
[HalideReplacement] irm::Halide_MulToSub at apps/harris/harris_generator.cpp:41:30: applied
[HalideReplacement] irm::Halide_MulToSub at apps/harris/harris_generator.cpp:44:30: applied
[HalideReplacement] irm::Halide_MulToSub at apps/harris/harris_generator.cpp:56:31: applied
[HalideReplacement] irm::Halide_MulToSub at apps/harris/harris_generator.cpp:56:55: applied
[HalideReplacement] irm::Halide_MulToSub at apps/harris/harris_generator.cpp:61:42: skip_sibling_absent_local
[HalideReplacement] irm::Halide_MulToSub at apps/harris/harris_generator.cpp:61:56: applied
[HalideReplacement] irm::Halide_SubToAdd at apps/harris/harris_generator.cpp:28:27: applied
[HalideReplacement] irm::Halide_SubToAdd at apps/harris/harris_generator.cpp:28:34: applied
[HalideReplacement] irm::Halide_SubToAdd at apps/harris/harris_generator.cpp:28:63: applied
[HalideReplacement] irm::Halide_SubToAdd at apps/harris/harris_generator.cpp:29:30: applied
[HalideReplacement] irm::Halide_SubToAdd at apps/harris/harris_generator.cpp:30:34: applied
[HalideReplacement] irm::Halide_SubToAdd at apps/harris/harris_generator.cpp:33:27: applied
[HalideReplacement] irm::Halide_SubToAdd at apps/harris/harris_generator.cpp:33:34: applied
[HalideReplacement] irm::Halide_SubToAdd at apps/harris/harris_generator.cpp:33:70: applied
[HalideReplacement] irm::Halide_SubToAdd at apps/harris/harris_generator.cpp:34:27: applied
[HalideReplacement] irm::Halide_SubToAdd at apps/harris/harris_generator.cpp:35:27: applied
[HalideReplacement] irm::Halide_SubToAdd at apps/harris/harris_generator.cpp:56:43: applied
[HalideReplacement] irm::Halide_SubToAdd at apps/harris/harris_generator.cpp:61:34: applied
[HalideReplacement] irm::Halide_SubToDiv at apps/harris/harris_generator.cpp:28:27: applied
[HalideReplacement] irm::Halide_SubToDiv at apps/harris/harris_generator.cpp:28:34: applied
[HalideReplacement] irm::Halide_SubToDiv at apps/harris/harris_generator.cpp:28:63: applied
[HalideReplacement] irm::Halide_SubToDiv at apps/harris/harris_generator.cpp:29:30: applied
[HalideReplacement] irm::Halide_SubToDiv at apps/harris/harris_generator.cpp:30:34: applied
[HalideReplacement] irm::Halide_SubToDiv at apps/harris/harris_generator.cpp:33:27: applied
[HalideReplacement] irm::Halide_SubToDiv at apps/harris/harris_generator.cpp:33:34: applied
[HalideReplacement] irm::Halide_SubToDiv at apps/harris/harris_generator.cpp:33:70: applied
[HalideReplacement] irm::Halide_SubToDiv at apps/harris/harris_generator.cpp:34:27: applied
[HalideReplacement] irm::Halide_SubToDiv at apps/harris/harris_generator.cpp:35:27: applied
[HalideReplacement] irm::Halide_SubToDiv at apps/harris/harris_generator.cpp:56:43: applied
[HalideReplacement] irm::Halide_SubToDiv at apps/harris/harris_generator.cpp:61:34: applied
[HalideReplacement] irm::Halide_SubToMul at apps/harris/harris_generator.cpp:28:27: applied
[HalideReplacement] irm::Halide_SubToMul at apps/harris/harris_generator.cpp:28:34: applied
[HalideReplacement] irm::Halide_SubToMul at apps/harris/harris_generator.cpp:28:63: applied
[HalideReplacement] irm::Halide_SubToMul at apps/harris/harris_generator.cpp:29:30: applied
[HalideReplacement] irm::Halide_SubToMul at apps/harris/harris_generator.cpp:30:34: applied
[HalideReplacement] irm::Halide_SubToMul at apps/harris/harris_generator.cpp:33:27: applied
[HalideReplacement] irm::Halide_SubToMul at apps/harris/harris_generator.cpp:33:34: applied
[HalideReplacement] irm::Halide_SubToMul at apps/harris/harris_generator.cpp:33:70: applied
[HalideReplacement] irm::Halide_SubToMul at apps/harris/harris_generator.cpp:34:27: applied
[HalideReplacement] irm::Halide_SubToMul at apps/harris/harris_generator.cpp:35:27: applied
[HalideReplacement] irm::Halide_SubToMul at apps/harris/harris_generator.cpp:56:43: applied
[HalideReplacement] irm::Halide_SubToMul at apps/harris/harris_generator.cpp:61:34: applied
[HalideReplacement] irm::Halide_MulToAdd at /dev/shm/ardi_dslmut/halide16-build/include/Halide.h:13291:20: applied
[HalideReplacement] irm::Halide_MulToDiv at /dev/shm/ardi_dslmut/halide16-build/include/Halide.h:13291:20: applied
[HalideReplacement] irm::Halide_MulToSub at /dev/shm/ardi_dslmut/halide16-build/include/Halide.h:13291:20: applied
[HalideReplacement] irm::Halide_MulToAdd at /dev/shm/ardi_dslmut/halide16-build/include/Halide.h:13288:25: applied
[HalideReplacement] irm::Halide_MulToSub at /dev/shm/ardi_dslmut/halide16-build/include/Halide.h:13288:25: applied
[HalideReplacement] irm::Halide_AddToDiv at apps/harris/harris_generator.cpp:8:28: applied
[HalideReplacement] irm::Halide_AddToDiv at apps/harris/harris_generator.cpp:8:55: applied
[HalideReplacement] irm::Halide_AddToDiv at apps/harris/harris_generator.cpp:8:42: applied
[HalideReplacement] irm::Halide_AddToDiv at apps/harris/harris_generator.cpp:8:60: applied
[HalideReplacement] irm::Halide_AddToDiv at apps/harris/harris_generator.cpp:9:24: applied
[HalideReplacement] irm::Halide_AddToDiv at apps/harris/harris_generator.cpp:9:43: applied
[HalideReplacement] irm::Halide_AddToDiv at apps/harris/harris_generator.cpp:9:34: applied
[HalideReplacement] irm::Halide_AddToDiv at apps/harris/harris_generator.cpp:10:16: applied
[HalideReplacement] irm::Halide_AddToDiv at apps/harris/harris_generator.cpp:9:48: applied
[HalideReplacement] irm::Halide_AddToDiv at apps/harris/harris_generator.cpp:10:34: applied
[HalideReplacement] irm::Halide_AddToDiv at apps/harris/harris_generator.cpp:10:28: applied
[HalideReplacement] irm::Halide_AddToDiv at apps/harris/harris_generator.cpp:10:48: applied
[HalideReplacement] irm::Halide_AddToDiv at apps/harris/harris_generator.cpp:10:55: applied
[HalideReplacement] irm::Halide_AddToDiv at apps/harris/harris_generator.cpp:10:42: applied
[HalideReplacement] irm::Halide_AddToMul at apps/harris/harris_generator.cpp:8:28: applied
[HalideReplacement] irm::Halide_AddToMul at apps/harris/harris_generator.cpp:8:55: applied
[HalideReplacement] irm::Halide_AddToMul at apps/harris/harris_generator.cpp:8:42: applied
[HalideReplacement] irm::Halide_AddToMul at apps/harris/harris_generator.cpp:8:60: applied
[HalideReplacement] irm::Halide_AddToMul at apps/harris/harris_generator.cpp:9:24: applied
[HalideReplacement] irm::Halide_AddToMul at apps/harris/harris_generator.cpp:9:43: applied
[HalideReplacement] irm::Halide_AddToMul at apps/harris/harris_generator.cpp:9:34: applied
[HalideReplacement] irm::Halide_AddToMul at apps/harris/harris_generator.cpp:10:16: applied
[HalideReplacement] irm::Halide_AddToMul at apps/harris/harris_generator.cpp:9:48: applied
[HalideReplacement] irm::Halide_AddToMul at apps/harris/harris_generator.cpp:10:34: applied
[HalideReplacement] irm::Halide_AddToMul at apps/harris/harris_generator.cpp:10:28: applied
[HalideReplacement] irm::Halide_AddToMul at apps/harris/harris_generator.cpp:10:48: applied
[HalideReplacement] irm::Halide_AddToMul at apps/harris/harris_generator.cpp:10:55: applied
[HalideReplacement] irm::Halide_AddToMul at apps/harris/harris_generator.cpp:10:42: applied
[HalideReplacement] irm::Halide_AddToSub at apps/harris/harris_generator.cpp:8:28: applied
[HalideReplacement] irm::Halide_AddToSub at apps/harris/harris_generator.cpp:8:55: applied
[HalideReplacement] irm::Halide_AddToSub at apps/harris/harris_generator.cpp:8:42: applied
[HalideReplacement] irm::Halide_AddToSub at apps/harris/harris_generator.cpp:8:60: applied
[HalideReplacement] irm::Halide_AddToSub at apps/harris/harris_generator.cpp:9:24: applied
[HalideReplacement] irm::Halide_AddToSub at apps/harris/harris_generator.cpp:9:43: applied
[HalideReplacement] irm::Halide_AddToSub at apps/harris/harris_generator.cpp:9:34: applied
[HalideReplacement] irm::Halide_AddToSub at apps/harris/harris_generator.cpp:10:16: applied
[HalideReplacement] irm::Halide_AddToSub at apps/harris/harris_generator.cpp:9:48: applied
[HalideReplacement] irm::Halide_AddToSub at apps/harris/harris_generator.cpp:10:34: applied
[HalideReplacement] irm::Halide_AddToSub at apps/harris/harris_generator.cpp:10:28: applied
[HalideReplacement] irm::Halide_AddToSub at apps/harris/harris_generator.cpp:10:48: applied
[HalideReplacement] irm::Halide_AddToSub at apps/harris/harris_generator.cpp:10:55: applied
[HalideReplacement] irm::Halide_AddToSub at apps/harris/harris_generator.cpp:10:42: applied
[HalideReplacement] irm::Halide_SubToAdd at apps/harris/harris_generator.cpp:8:16: applied
[HalideReplacement] irm::Halide_SubToAdd at apps/harris/harris_generator.cpp:8:23: applied
[HalideReplacement] irm::Halide_SubToAdd at apps/harris/harris_generator.cpp:8:34: applied
[HalideReplacement] irm::Halide_SubToAdd at apps/harris/harris_generator.cpp:8:48: applied
[HalideReplacement] irm::Halide_SubToAdd at apps/harris/harris_generator.cpp:9:19: applied
[HalideReplacement] irm::Halide_SubToAdd at apps/harris/harris_generator.cpp:10:23: applied
[HalideReplacement] irm::Halide_SubToDiv at apps/harris/harris_generator.cpp:8:16: applied
[HalideReplacement] irm::Halide_SubToDiv at apps/harris/harris_generator.cpp:8:23: applied
[HalideReplacement] irm::Halide_SubToDiv at apps/harris/harris_generator.cpp:8:34: applied
[HalideReplacement] irm::Halide_SubToDiv at apps/harris/harris_generator.cpp:8:48: applied
[HalideReplacement] irm::Halide_SubToDiv at apps/harris/harris_generator.cpp:9:19: applied
[HalideReplacement] irm::Halide_SubToDiv at apps/harris/harris_generator.cpp:10:23: applied
[HalideReplacement] irm::Halide_SubToMul at apps/harris/harris_generator.cpp:8:16: applied
[HalideReplacement] irm::Halide_SubToMul at apps/harris/harris_generator.cpp:8:23: applied
[HalideReplacement] irm::Halide_SubToMul at apps/harris/harris_generator.cpp:8:34: applied
[HalideReplacement] irm::Halide_SubToMul at apps/harris/harris_generator.cpp:8:48: applied
[HalideReplacement] irm::Halide_SubToMul at apps/harris/harris_generator.cpp:9:19: applied
[HalideReplacement] irm::Halide_SubToMul at apps/harris/harris_generator.cpp:10:23: applied
[HalideReplacement] mutate() calls: total=236
[HalideReplacement]   applied                      188
[HalideReplacement]   skip_no_callee               0
[HalideReplacement]   skip_no_module               0
[HalideReplacement]   skip_sibling_absent_local    48
[HalideReplacement]   skip_type_mismatch           0
[HalideReplacement]   skip_sibling_bodyless        0
