[HalideReplacement] irm::Halide_compute_at_to_store_at at apps/unsharp/unsharp_generator.cpp:80:23: applied
[HalideReplacement] irm::Halide_compute_at_to_store_at at apps/unsharp/unsharp_generator.cpp:81:22: applied
[HalideReplacement] irm::Halide_compute_at_to_store_at at apps/unsharp/unsharp_generator.cpp:86:24: applied
[HalideReplacement] irm::Halide_compute_at_to_store_at at apps/unsharp/unsharp_generator.cpp:98:22: applied
[HalideReplacement] irm::Halide_compute_at_to_store_at at apps/unsharp/unsharp_generator.cpp:101:24: applied
[HalideReplacement] irm::Halide_compute_at_to_store_at at apps/unsharp/unsharp_generator.cpp:104:23: applied
[HalideReplacement] irm::Halide_parallel_to_unroll at apps/unsharp/unsharp_generator.cpp:96:22: applied
[HalideReplacement] irm::Halide_parallel_to_vectorize at apps/unsharp/unsharp_generator.cpp:96:22: applied
[HalideReplacement] irm::Halide_store_at_to_compute_at at apps/unsharp/unsharp_generator.cpp:99:22: applied
[HalideReplacement] irm::Halide_store_at_to_compute_at at apps/unsharp/unsharp_generator.cpp:102:22: applied
[HalideReplacement] irm::Halide_store_at_to_compute_at at apps/unsharp/unsharp_generator.cpp:105:22: applied
[HalideReplacement] irm::Halide_unroll_to_parallel at apps/unsharp/unsharp_generator.cpp:79:22: applied
[HalideReplacement] irm::Halide_unroll_to_parallel at apps/unsharp/unsharp_generator.cpp:83:22: applied
[HalideReplacement] irm::Halide_unroll_to_parallel at apps/unsharp/unsharp_generator.cpp:84:22: applied
[HalideReplacement] irm::Halide_unroll_to_parallel at apps/unsharp/unsharp_generator.cpp:87:22: applied
[HalideReplacement] irm::Halide_unroll_to_vectorize at apps/unsharp/unsharp_generator.cpp:79:22: applied
[HalideReplacement] irm::Halide_unroll_to_vectorize at apps/unsharp/unsharp_generator.cpp:83:22: applied
[HalideReplacement] irm::Halide_unroll_to_vectorize at apps/unsharp/unsharp_generator.cpp:84:22: applied
[HalideReplacement] irm::Halide_unroll_to_vectorize at apps/unsharp/unsharp_generator.cpp:87:22: applied
[HalideReplacement] irm::Halide_vectorize_to_parallel at apps/unsharp/unsharp_generator.cpp:95:22: applied
[HalideReplacement] irm::Halide_vectorize_to_parallel at apps/unsharp/unsharp_generator.cpp:100:22: applied
[HalideReplacement] irm::Halide_vectorize_to_parallel at apps/unsharp/unsharp_generator.cpp:103:22: applied
[HalideReplacement] irm::Halide_vectorize_to_parallel at apps/unsharp/unsharp_generator.cpp:106:22: applied
[HalideReplacement] irm::Halide_vectorize_to_unroll at apps/unsharp/unsharp_generator.cpp:95:22: applied
[HalideReplacement] irm::Halide_vectorize_to_unroll at apps/unsharp/unsharp_generator.cpp:100:22: applied
[HalideReplacement] irm::Halide_vectorize_to_unroll at apps/unsharp/unsharp_generator.cpp:103:22: applied
[HalideReplacement] irm::Halide_vectorize_to_unroll at apps/unsharp/unsharp_generator.cpp:106:22: applied
[HalideReplacement] mutate() calls: total=27
[HalideReplacement]   applied                      27
[HalideReplacement]   skip_no_callee               0
[HalideReplacement]   skip_no_module               0
[HalideReplacement]   skip_sibling_absent_local    0
[HalideReplacement]   skip_type_mismatch           0
[HalideReplacement]   skip_sibling_bodyless        0
