HandleTopLevelDecl: Looking at function: halide_type_of
HandleTopLevelDecl: Looking at function: halide_type_of
HandleTopLevelDecl: Looking at function: halide_type_of
HandleTopLevelDecl: Looking at function: halide_type_of
HandleTopLevelDecl: Looking at function: halide_type_of
HandleTopLevelDecl: Looking at function: halide_type_of
HandleTopLevelDecl: Looking at function: halide_type_of
HandleTopLevelDecl: Looking at function: halide_type_of
HandleTopLevelDecl: Looking at function: halide_type_of
HandleTopLevelDecl: Looking at function: halide_type_of
HandleTopLevelDecl: Looking at function: halide_type_of
HandleTopLevelDecl: Looking at function: halide_type_of
HandleTopLevelDecl: Looking at function: halide_type_of
HandleTopLevelDecl: Looking at function: re
HandleTopLevelDecl: Looking at function: im
HandleTopLevelDecl: Looking at function: re
HandleTopLevelDecl: Looking at function: im
HandleTopLevelDecl: Looking at function: conj
HandleTopLevelDecl: Looking at function: operator-
HandleTopLevelDecl: Looking at function: operator+
HandleTopLevelDecl: Looking at function: operator+
HandleTopLevelDecl: Looking at function: operator+
HandleTopLevelDecl: Looking at function: operator-
HandleTopLevelDecl: Looking at function: operator-
HandleTopLevelDecl: Looking at function: operator-
HandleTopLevelDecl: Looking at function: operator*
HandleTopLevelDecl: Looking at function: operator*
HandleTopLevelDecl: Looking at function: operator*
HandleTopLevelDecl: Looking at function: operator/
HandleTopLevelDecl: Looking at function: expj
HandleTopLevelDecl: Looking at function: sum
HandleTopLevelDecl: Looking at function: select
HandleTopLevelDecl: Looking at function: select
HandleTopLevelDecl: Looking at function: cast
HandleTopLevelDecl: Looking at function: likely
HandleTopLevelDecl: Looking at function: fft2d_c2c
HandleTopLevelDecl: Looking at function: fft2d_r2c
HandleTopLevelDecl: Looking at function: fft2d_c2r
HandleTopLevelDecl: Looking at function: operator<<
HandleTopLevelDecl: Looking at function: stmt_or_expr_uses_var
HandleTopLevelDecl: Looking at function: stmt_or_expr_uses_vars
HandleTopLevelDecl: Looking at function: operator<<
HandleTopLevelDecl: Looking at function: stmt_or_expr_uses_var
HandleTopLevelDecl: Looking at function: stmt_or_expr_uses_vars
HandleTopLevelDecl: Looking at function: enum_to_string
HandleTopLevelDecl: Looking at function: div_imp
HandleTopLevelDecl: Looking at function: type_of
HandleTopLevelDecl: Looking at function: div_imp
HandleTopLevelDecl: Looking at function: type_of
HandleTopLevelDecl: Looking at function: mod_imp
HandleTopLevelDecl: Looking at function: mod_imp
HandleTopLevelDecl: Looking at function: select
HandleTopLevelDecl: Looking at function: enum_to_string
HandleTopLevelDecl: Looking at function: enum_to_string
HandleTopLevelDecl: Looking at function: operator>
HandleTopLevelDecl: Looking at function: type_of
HandleTopLevelDecl: Looking at function: operator==
HandleTopLevelDecl: Looking at function: operator==
HandleTopLevelDecl: Looking at function: get_introspection_helper
