HandleTopLevelDecl: Looking at function: halide_type_of
HandleTopLevelDecl: Looking at function: halide_type_of
HandleTopLevelDecl: Looking at function: halide_type_of
HandleTopLevelDecl: Looking at function: halide_type_of
HandleTopLevelDecl: Looking at function: halide_type_of
HandleTopLevelDecl: Looking at function: halide_type_of
HandleTopLevelDecl: Looking at function: halide_type_of
HandleTopLevelDecl: Looking at function: halide_type_of
HandleTopLevelDecl: Looking at function: halide_type_of
HandleTopLevelDecl: Looking at function: halide_type_of
HandleTopLevelDecl: Looking at function: halide_type_of
HandleTopLevelDecl: Looking at function: halide_type_of
HandleTopLevelDecl: Looking at function: halide_type_of
HandleTopLevelDecl: Looking at function: kernel_box
HandleTopLevelDecl: Looking at function: kernel_linear
HandleTopLevelDecl: Looking at function: kernel_cubic
HandleTopLevelDecl: Looking at function: sinc
HandleTopLevelDecl: Looking at function: kernel_lanczos
HandleTopLevelDecl: Looking at function: operator<<
HandleTopLevelDecl: Looking at function: stmt_or_expr_uses_var
HandleTopLevelDecl: Looking at function: stmt_or_expr_uses_vars
HandleTopLevelDecl: Looking at function: operator<<
HandleTopLevelDecl: Looking at function: stmt_or_expr_uses_var
HandleTopLevelDecl: Looking at function: stmt_or_expr_uses_vars
HandleTopLevelDecl: Looking at function: enum_to_string
HandleTopLevelDecl: Looking at function: div_imp
HandleTopLevelDecl: Looking at function: type_of
HandleTopLevelDecl: Looking at function: div_imp
HandleTopLevelDecl: Looking at function: type_of
HandleTopLevelDecl: Looking at function: mod_imp
HandleTopLevelDecl: Looking at function: mod_imp
HandleTopLevelDecl: Looking at function: enum_to_string
HandleTopLevelDecl: Looking at function: type_of
HandleTopLevelDecl: Looking at function: cast
HandleTopLevelDecl: Looking at function: cast
HandleTopLevelDecl: Looking at function: type_of
HandleTopLevelDecl: Looking at function: get_introspection_helper
