HandleTopLevelDecl: Looking at function: halide_type_of
HandleTopLevelDecl: Looking at function: halide_type_of
HandleTopLevelDecl: Looking at function: halide_type_of
HandleTopLevelDecl: Looking at function: halide_type_of
HandleTopLevelDecl: Looking at function: halide_type_of
HandleTopLevelDecl: Looking at function: halide_type_of
HandleTopLevelDecl: Looking at function: halide_type_of
HandleTopLevelDecl: Looking at function: halide_type_of
HandleTopLevelDecl: Looking at function: halide_type_of
HandleTopLevelDecl: Looking at function: halide_type_of
HandleTopLevelDecl: Looking at function: halide_type_of
HandleTopLevelDecl: Looking at function: halide_type_of
HandleTopLevelDecl: Looking at function: halide_type_of
HandleTopLevelDecl: Looking at function: operator<<
HandleTopLevelDecl: Looking at function: stmt_or_expr_uses_var
HandleTopLevelDecl: Looking at function: stmt_or_expr_uses_vars
HandleTopLevelDecl: Looking at function: operator<<
HandleTopLevelDecl: Looking at function: stmt_or_expr_uses_var
HandleTopLevelDecl: Looking at function: stmt_or_expr_uses_vars
HandleTopLevelDecl: Looking at function: enum_to_string
HandleTopLevelDecl: Looking at function: div_imp
HandleTopLevelDecl: Looking at function: type_of
HandleTopLevelDecl: Looking at function: div_imp
HandleTopLevelDecl: Looking at function: type_of
HandleTopLevelDecl: Looking at function: mod_imp
HandleTopLevelDecl: Looking at function: mod_imp
HandleTopLevelDecl: Looking at function: repeat_edge
HandleTopLevelDecl: Looking at function: func_like_to_func
HandleTopLevelDecl: Looking at function: get_introspection_helper
