[HalideReplacement] irm::Halide_AddToDiv at apps/bilateral_grid/bilateral_grid_generator.cpp:22:40: applied
[HalideReplacement] irm::Halide_AddToDiv at apps/bilateral_grid/bilateral_grid_generator.cpp:22:73: applied
[HalideReplacement] irm::Halide_AddToDiv at apps/bilateral_grid/bilateral_grid_generator.cpp:33:56: applied
[HalideReplacement] irm::Halide_AddToDiv at apps/bilateral_grid/bilateral_grid_generator.cpp:34:60: applied
[HalideReplacement] irm::Halide_AddToDiv at apps/bilateral_grid/bilateral_grid_generator.cpp:36:48: applied
[HalideReplacement] irm::Halide_AddToDiv at apps/bilateral_grid/bilateral_grid_generator.cpp:35:56: applied
[HalideReplacement] irm::Halide_AddToDiv at apps/bilateral_grid/bilateral_grid_generator.cpp:37:48: applied
[HalideReplacement] irm::Halide_AddToDiv at apps/bilateral_grid/bilateral_grid_generator.cpp:36:60: applied
[HalideReplacement] irm::Halide_AddToDiv at apps/bilateral_grid/bilateral_grid_generator.cpp:38:52: applied
[HalideReplacement] irm::Halide_AddToDiv at apps/bilateral_grid/bilateral_grid_generator.cpp:39:56: applied
[HalideReplacement] irm::Halide_AddToDiv at apps/bilateral_grid/bilateral_grid_generator.cpp:41:38: applied
[HalideReplacement] irm::Halide_AddToDiv at apps/bilateral_grid/bilateral_grid_generator.cpp:40:52: applied
[HalideReplacement] irm::Halide_AddToDiv at apps/bilateral_grid/bilateral_grid_generator.cpp:42:38: applied
[HalideReplacement] irm::Halide_AddToDiv at apps/bilateral_grid/bilateral_grid_generator.cpp:41:56: applied
[HalideReplacement] irm::Halide_AddToDiv at apps/bilateral_grid/bilateral_grid_generator.cpp:43:52: applied
[HalideReplacement] irm::Halide_AddToDiv at apps/bilateral_grid/bilateral_grid_generator.cpp:44:56: applied
[HalideReplacement] irm::Halide_AddToDiv at apps/bilateral_grid/bilateral_grid_generator.cpp:46:41: applied
[HalideReplacement] irm::Halide_AddToDiv at apps/bilateral_grid/bilateral_grid_generator.cpp:45:52: applied
[HalideReplacement] irm::Halide_AddToDiv at apps/bilateral_grid/bilateral_grid_generator.cpp:47:41: applied
[HalideReplacement] irm::Halide_AddToDiv at apps/bilateral_grid/bilateral_grid_generator.cpp:46:56: applied
[HalideReplacement] irm::Halide_AddToDiv at apps/bilateral_grid/bilateral_grid_generator.cpp:60:59: applied
[HalideReplacement] irm::Halide_AddToDiv at apps/bilateral_grid/bilateral_grid_generator.cpp:61:41: applied
[HalideReplacement] irm::Halide_AddToDiv at apps/bilateral_grid/bilateral_grid_generator.cpp:61:63: applied
[HalideReplacement] irm::Halide_AddToDiv at apps/bilateral_grid/bilateral_grid_generator.cpp:61:71: applied
[HalideReplacement] irm::Halide_AddToDiv at apps/bilateral_grid/bilateral_grid_generator.cpp:62:45: applied
[HalideReplacement] irm::Halide_AddToDiv at apps/bilateral_grid/bilateral_grid_generator.cpp:62:63: applied
[HalideReplacement] irm::Halide_AddToDiv at apps/bilateral_grid/bilateral_grid_generator.cpp:62:75: applied
[HalideReplacement] irm::Halide_AddToDiv at apps/bilateral_grid/bilateral_grid_generator.cpp:63:41: applied
[HalideReplacement] irm::Halide_AddToDiv at apps/bilateral_grid/bilateral_grid_generator.cpp:63:49: applied
[HalideReplacement] irm::Halide_AddToDiv at apps/bilateral_grid/bilateral_grid_generator.cpp:63:67: applied
[HalideReplacement] irm::Halide_AddToDiv at apps/bilateral_grid/bilateral_grid_generator.cpp:63:75: applied
[HalideReplacement] irm::Halide_AddToDiv at apps/bilateral_grid/bilateral_grid_generator.cpp:63:83: applied
[HalideReplacement] irm::Halide_AddToMul at apps/bilateral_grid/bilateral_grid_generator.cpp:22:40: applied
[HalideReplacement] irm::Halide_AddToMul at apps/bilateral_grid/bilateral_grid_generator.cpp:22:73: applied
[HalideReplacement] irm::Halide_AddToMul at apps/bilateral_grid/bilateral_grid_generator.cpp:33:56: applied
[HalideReplacement] irm::Halide_AddToMul at apps/bilateral_grid/bilateral_grid_generator.cpp:34:60: applied
[HalideReplacement] irm::Halide_AddToMul at apps/bilateral_grid/bilateral_grid_generator.cpp:36:48: applied
[HalideReplacement] irm::Halide_AddToMul at apps/bilateral_grid/bilateral_grid_generator.cpp:35:56: applied
[HalideReplacement] irm::Halide_AddToMul at apps/bilateral_grid/bilateral_grid_generator.cpp:37:48: applied
[HalideReplacement] irm::Halide_AddToMul at apps/bilateral_grid/bilateral_grid_generator.cpp:36:60: applied
[HalideReplacement] irm::Halide_AddToMul at apps/bilateral_grid/bilateral_grid_generator.cpp:38:52: applied
[HalideReplacement] irm::Halide_AddToMul at apps/bilateral_grid/bilateral_grid_generator.cpp:39:56: applied
[HalideReplacement] irm::Halide_AddToMul at apps/bilateral_grid/bilateral_grid_generator.cpp:41:38: applied
[HalideReplacement] irm::Halide_AddToMul at apps/bilateral_grid/bilateral_grid_generator.cpp:40:52: applied
[HalideReplacement] irm::Halide_AddToMul at apps/bilateral_grid/bilateral_grid_generator.cpp:42:38: applied
[HalideReplacement] irm::Halide_AddToMul at apps/bilateral_grid/bilateral_grid_generator.cpp:41:56: applied
[HalideReplacement] irm::Halide_AddToMul at apps/bilateral_grid/bilateral_grid_generator.cpp:43:52: applied
[HalideReplacement] irm::Halide_AddToMul at apps/bilateral_grid/bilateral_grid_generator.cpp:44:56: applied
[HalideReplacement] irm::Halide_AddToMul at apps/bilateral_grid/bilateral_grid_generator.cpp:46:41: applied
[HalideReplacement] irm::Halide_AddToMul at apps/bilateral_grid/bilateral_grid_generator.cpp:45:52: applied
[HalideReplacement] irm::Halide_AddToMul at apps/bilateral_grid/bilateral_grid_generator.cpp:47:41: applied
[HalideReplacement] irm::Halide_AddToMul at apps/bilateral_grid/bilateral_grid_generator.cpp:46:56: applied
[HalideReplacement] irm::Halide_AddToMul at apps/bilateral_grid/bilateral_grid_generator.cpp:60:59: applied
[HalideReplacement] irm::Halide_AddToMul at apps/bilateral_grid/bilateral_grid_generator.cpp:61:41: applied
[HalideReplacement] irm::Halide_AddToMul at apps/bilateral_grid/bilateral_grid_generator.cpp:61:63: applied
[HalideReplacement] irm::Halide_AddToMul at apps/bilateral_grid/bilateral_grid_generator.cpp:61:71: applied
[HalideReplacement] irm::Halide_AddToMul at apps/bilateral_grid/bilateral_grid_generator.cpp:62:45: applied
[HalideReplacement] irm::Halide_AddToMul at apps/bilateral_grid/bilateral_grid_generator.cpp:62:63: applied
[HalideReplacement] irm::Halide_AddToMul at apps/bilateral_grid/bilateral_grid_generator.cpp:62:75: applied
[HalideReplacement] irm::Halide_AddToMul at apps/bilateral_grid/bilateral_grid_generator.cpp:63:41: applied
[HalideReplacement] irm::Halide_AddToMul at apps/bilateral_grid/bilateral_grid_generator.cpp:63:49: applied
[HalideReplacement] irm::Halide_AddToMul at apps/bilateral_grid/bilateral_grid_generator.cpp:63:67: applied
[HalideReplacement] irm::Halide_AddToMul at apps/bilateral_grid/bilateral_grid_generator.cpp:63:75: applied
[HalideReplacement] irm::Halide_AddToMul at apps/bilateral_grid/bilateral_grid_generator.cpp:63:83: applied
[HalideReplacement] irm::Halide_AddToSub at apps/bilateral_grid/bilateral_grid_generator.cpp:22:40: applied
[HalideReplacement] irm::Halide_AddToSub at apps/bilateral_grid/bilateral_grid_generator.cpp:22:73: applied
[HalideReplacement] irm::Halide_AddToSub at apps/bilateral_grid/bilateral_grid_generator.cpp:33:56: applied
[HalideReplacement] irm::Halide_AddToSub at apps/bilateral_grid/bilateral_grid_generator.cpp:34:60: applied
[HalideReplacement] irm::Halide_AddToSub at apps/bilateral_grid/bilateral_grid_generator.cpp:36:48: applied
[HalideReplacement] irm::Halide_AddToSub at apps/bilateral_grid/bilateral_grid_generator.cpp:35:56: applied
[HalideReplacement] irm::Halide_AddToSub at apps/bilateral_grid/bilateral_grid_generator.cpp:37:48: applied
[HalideReplacement] irm::Halide_AddToSub at apps/bilateral_grid/bilateral_grid_generator.cpp:36:60: applied
[HalideReplacement] irm::Halide_AddToSub at apps/bilateral_grid/bilateral_grid_generator.cpp:38:52: applied
[HalideReplacement] irm::Halide_AddToSub at apps/bilateral_grid/bilateral_grid_generator.cpp:39:56: applied
[HalideReplacement] irm::Halide_AddToSub at apps/bilateral_grid/bilateral_grid_generator.cpp:41:38: applied
[HalideReplacement] irm::Halide_AddToSub at apps/bilateral_grid/bilateral_grid_generator.cpp:40:52: applied
[HalideReplacement] irm::Halide_AddToSub at apps/bilateral_grid/bilateral_grid_generator.cpp:42:38: applied
[HalideReplacement] irm::Halide_AddToSub at apps/bilateral_grid/bilateral_grid_generator.cpp:41:56: applied
[HalideReplacement] irm::Halide_AddToSub at apps/bilateral_grid/bilateral_grid_generator.cpp:43:52: applied
[HalideReplacement] irm::Halide_AddToSub at apps/bilateral_grid/bilateral_grid_generator.cpp:44:56: applied
[HalideReplacement] irm::Halide_AddToSub at apps/bilateral_grid/bilateral_grid_generator.cpp:46:41: applied
[HalideReplacement] irm::Halide_AddToSub at apps/bilateral_grid/bilateral_grid_generator.cpp:45:52: applied
[HalideReplacement] irm::Halide_AddToSub at apps/bilateral_grid/bilateral_grid_generator.cpp:47:41: applied
[HalideReplacement] irm::Halide_AddToSub at apps/bilateral_grid/bilateral_grid_generator.cpp:46:56: applied
[HalideReplacement] irm::Halide_AddToSub at apps/bilateral_grid/bilateral_grid_generator.cpp:60:59: applied
[HalideReplacement] irm::Halide_AddToSub at apps/bilateral_grid/bilateral_grid_generator.cpp:61:41: applied
[HalideReplacement] irm::Halide_AddToSub at apps/bilateral_grid/bilateral_grid_generator.cpp:61:63: applied
[HalideReplacement] irm::Halide_AddToSub at apps/bilateral_grid/bilateral_grid_generator.cpp:61:71: applied
[HalideReplacement] irm::Halide_AddToSub at apps/bilateral_grid/bilateral_grid_generator.cpp:62:45: applied
[HalideReplacement] irm::Halide_AddToSub at apps/bilateral_grid/bilateral_grid_generator.cpp:62:63: applied
[HalideReplacement] irm::Halide_AddToSub at apps/bilateral_grid/bilateral_grid_generator.cpp:62:75: applied
[HalideReplacement] irm::Halide_AddToSub at apps/bilateral_grid/bilateral_grid_generator.cpp:63:41: applied
[HalideReplacement] irm::Halide_AddToSub at apps/bilateral_grid/bilateral_grid_generator.cpp:63:49: applied
[HalideReplacement] irm::Halide_AddToSub at apps/bilateral_grid/bilateral_grid_generator.cpp:63:67: applied
[HalideReplacement] irm::Halide_AddToSub at apps/bilateral_grid/bilateral_grid_generator.cpp:63:75: applied
[HalideReplacement] irm::Halide_AddToSub at apps/bilateral_grid/bilateral_grid_generator.cpp:63:83: applied
[HalideReplacement] irm::Halide_DivToAdd at apps/bilateral_grid/bilateral_grid_generator.cpp:67:54: applied
[HalideReplacement] irm::Halide_DivToMul at apps/bilateral_grid/bilateral_grid_generator.cpp:67:54: applied
[HalideReplacement] irm::Halide_DivToSub at apps/bilateral_grid/bilateral_grid_generator.cpp:67:54: applied
[HalideReplacement] irm::Halide_MulToAdd at apps/bilateral_grid/bilateral_grid_generator.cpp:25:33: applied
[HalideReplacement] irm::Halide_MulToAdd at apps/bilateral_grid/bilateral_grid_generator.cpp:34:56: applied
[HalideReplacement] irm::Halide_MulToAdd at apps/bilateral_grid/bilateral_grid_generator.cpp:35:52: applied
[HalideReplacement] irm::Halide_MulToAdd at apps/bilateral_grid/bilateral_grid_generator.cpp:36:56: applied
[HalideReplacement] irm::Halide_MulToAdd at apps/bilateral_grid/bilateral_grid_generator.cpp:39:52: applied
[HalideReplacement] irm::Halide_MulToAdd at apps/bilateral_grid/bilateral_grid_generator.cpp:40:48: applied
[HalideReplacement] irm::Halide_MulToAdd at apps/bilateral_grid/bilateral_grid_generator.cpp:41:52: applied
[HalideReplacement] irm::Halide_MulToAdd at apps/bilateral_grid/bilateral_grid_generator.cpp:44:52: applied
[HalideReplacement] irm::Halide_MulToAdd at apps/bilateral_grid/bilateral_grid_generator.cpp:45:48: applied
[HalideReplacement] irm::Halide_MulToAdd at apps/bilateral_grid/bilateral_grid_generator.cpp:46:52: applied
[HalideReplacement] irm::Halide_MulToAdd at apps/bilateral_grid/bilateral_grid_generator.cpp:51:23: applied
[HalideReplacement] irm::Halide_MulToDiv at apps/bilateral_grid/bilateral_grid_generator.cpp:25:33: applied
[HalideReplacement] irm::Halide_MulToDiv at apps/bilateral_grid/bilateral_grid_generator.cpp:34:56: applied
[HalideReplacement] irm::Halide_MulToDiv at apps/bilateral_grid/bilateral_grid_generator.cpp:35:52: applied
[HalideReplacement] irm::Halide_MulToDiv at apps/bilateral_grid/bilateral_grid_generator.cpp:36:56: applied
[HalideReplacement] irm::Halide_MulToDiv at apps/bilateral_grid/bilateral_grid_generator.cpp:39:52: applied
[HalideReplacement] irm::Halide_MulToDiv at apps/bilateral_grid/bilateral_grid_generator.cpp:40:48: applied
[HalideReplacement] irm::Halide_MulToDiv at apps/bilateral_grid/bilateral_grid_generator.cpp:41:52: applied
[HalideReplacement] irm::Halide_MulToDiv at apps/bilateral_grid/bilateral_grid_generator.cpp:44:52: applied
[HalideReplacement] irm::Halide_MulToDiv at apps/bilateral_grid/bilateral_grid_generator.cpp:45:48: applied
[HalideReplacement] irm::Halide_MulToDiv at apps/bilateral_grid/bilateral_grid_generator.cpp:46:52: applied
[HalideReplacement] irm::Halide_MulToDiv at apps/bilateral_grid/bilateral_grid_generator.cpp:51:23: applied
[HalideReplacement] irm::Halide_MulToSub at apps/bilateral_grid/bilateral_grid_generator.cpp:25:33: applied
[HalideReplacement] irm::Halide_MulToSub at apps/bilateral_grid/bilateral_grid_generator.cpp:34:56: applied
[HalideReplacement] irm::Halide_MulToSub at apps/bilateral_grid/bilateral_grid_generator.cpp:35:52: applied
[HalideReplacement] irm::Halide_MulToSub at apps/bilateral_grid/bilateral_grid_generator.cpp:36:56: applied
[HalideReplacement] irm::Halide_MulToSub at apps/bilateral_grid/bilateral_grid_generator.cpp:39:52: applied
[HalideReplacement] irm::Halide_MulToSub at apps/bilateral_grid/bilateral_grid_generator.cpp:40:48: applied
[HalideReplacement] irm::Halide_MulToSub at apps/bilateral_grid/bilateral_grid_generator.cpp:41:52: applied
[HalideReplacement] irm::Halide_MulToSub at apps/bilateral_grid/bilateral_grid_generator.cpp:44:52: applied
[HalideReplacement] irm::Halide_MulToSub at apps/bilateral_grid/bilateral_grid_generator.cpp:45:48: applied
[HalideReplacement] irm::Halide_MulToSub at apps/bilateral_grid/bilateral_grid_generator.cpp:46:52: applied
[HalideReplacement] irm::Halide_MulToSub at apps/bilateral_grid/bilateral_grid_generator.cpp:51:23: applied
[HalideReplacement] irm::Halide_SubToAdd at apps/bilateral_grid/bilateral_grid_generator.cpp:22:46: applied
[HalideReplacement] irm::Halide_SubToAdd at apps/bilateral_grid/bilateral_grid_generator.cpp:22:79: applied
[HalideReplacement] irm::Halide_SubToAdd at apps/bilateral_grid/bilateral_grid_generator.cpp:33:48: applied
[HalideReplacement] irm::Halide_SubToAdd at apps/bilateral_grid/bilateral_grid_generator.cpp:34:48: applied
[HalideReplacement] irm::Halide_SubToAdd at apps/bilateral_grid/bilateral_grid_generator.cpp:38:38: applied
[HalideReplacement] irm::Halide_SubToAdd at apps/bilateral_grid/bilateral_grid_generator.cpp:39:38: applied
[HalideReplacement] irm::Halide_SubToAdd at apps/bilateral_grid/bilateral_grid_generator.cpp:43:41: applied
[HalideReplacement] irm::Halide_SubToAdd at apps/bilateral_grid/bilateral_grid_generator.cpp:44:41: applied
[HalideReplacement] irm::Halide_SubToAdd at apps/bilateral_grid/bilateral_grid_generator.cpp:53:22: applied
[HalideReplacement] irm::Halide_SubToDiv at apps/bilateral_grid/bilateral_grid_generator.cpp:22:46: applied
[HalideReplacement] irm::Halide_SubToDiv at apps/bilateral_grid/bilateral_grid_generator.cpp:22:79: applied
[HalideReplacement] irm::Halide_SubToDiv at apps/bilateral_grid/bilateral_grid_generator.cpp:33:48: applied
[HalideReplacement] irm::Halide_SubToDiv at apps/bilateral_grid/bilateral_grid_generator.cpp:34:48: applied
[HalideReplacement] irm::Halide_SubToDiv at apps/bilateral_grid/bilateral_grid_generator.cpp:38:38: applied
[HalideReplacement] irm::Halide_SubToDiv at apps/bilateral_grid/bilateral_grid_generator.cpp:39:38: applied
[HalideReplacement] irm::Halide_SubToDiv at apps/bilateral_grid/bilateral_grid_generator.cpp:43:41: applied
[HalideReplacement] irm::Halide_SubToDiv at apps/bilateral_grid/bilateral_grid_generator.cpp:44:41: applied
[HalideReplacement] irm::Halide_SubToDiv at apps/bilateral_grid/bilateral_grid_generator.cpp:53:22: applied
[HalideReplacement] irm::Halide_SubToMul at apps/bilateral_grid/bilateral_grid_generator.cpp:22:46: applied
[HalideReplacement] irm::Halide_SubToMul at apps/bilateral_grid/bilateral_grid_generator.cpp:22:79: applied
[HalideReplacement] irm::Halide_SubToMul at apps/bilateral_grid/bilateral_grid_generator.cpp:33:48: applied
[HalideReplacement] irm::Halide_SubToMul at apps/bilateral_grid/bilateral_grid_generator.cpp:34:48: applied
[HalideReplacement] irm::Halide_SubToMul at apps/bilateral_grid/bilateral_grid_generator.cpp:38:38: applied
[HalideReplacement] irm::Halide_SubToMul at apps/bilateral_grid/bilateral_grid_generator.cpp:39:38: applied
[HalideReplacement] irm::Halide_SubToMul at apps/bilateral_grid/bilateral_grid_generator.cpp:43:41: applied
[HalideReplacement] irm::Halide_SubToMul at apps/bilateral_grid/bilateral_grid_generator.cpp:44:41: applied
[HalideReplacement] irm::Halide_SubToMul at apps/bilateral_grid/bilateral_grid_generator.cpp:53:22: applied
[HalideReplacement] irm::Halide_AddToDiv at /dev/shm/ardi_dslmut/halide16-build/include/Halide.h:13276:25: applied
[HalideReplacement] irm::Halide_AddToMul at /dev/shm/ardi_dslmut/halide16-build/include/Halide.h:13276:25: applied
[HalideReplacement] irm::Halide_AddToSub at /dev/shm/ardi_dslmut/halide16-build/include/Halide.h:13276:25: applied
[HalideReplacement] irm::Halide_DivToAdd at /dev/shm/ardi_dslmut/halide16-build/include/Halide.h:13297:20: applied
[HalideReplacement] irm::Halide_DivToMul at /dev/shm/ardi_dslmut/halide16-build/include/Halide.h:13297:20: applied
[HalideReplacement] irm::Halide_DivToSub at /dev/shm/ardi_dslmut/halide16-build/include/Halide.h:13297:20: applied
[HalideReplacement] mutate() calls: total=165
[HalideReplacement]   applied                      165
[HalideReplacement]   skip_no_callee               0
[HalideReplacement]   skip_no_module               0
[HalideReplacement]   skip_sibling_absent_local    0
[HalideReplacement]   skip_type_mismatch           0
[HalideReplacement]   skip_sibling_bodyless        0
