[HalideReplacement] irm::Halide_AddToDiv at apps/camera_pipe/camera_pipe_generator.cpp:412:29: applied
[HalideReplacement] irm::Halide_AddToDiv at apps/camera_pipe/camera_pipe_generator.cpp:412:37: applied
[HalideReplacement] irm::Halide_AddToMul at apps/camera_pipe/camera_pipe_generator.cpp:412:29: applied
[HalideReplacement] irm::Halide_AddToMul at apps/camera_pipe/camera_pipe_generator.cpp:412:37: applied
[HalideReplacement] irm::Halide_AddToSub at apps/camera_pipe/camera_pipe_generator.cpp:412:29: applied
[HalideReplacement] irm::Halide_AddToSub at apps/camera_pipe/camera_pipe_generator.cpp:412:37: applied
[HalideReplacement] irm::Halide_DivToAdd at apps/camera_pipe/camera_pipe_generator.cpp:453:41: applied
[HalideReplacement] irm::Halide_DivToAdd at apps/camera_pipe/camera_pipe_generator.cpp:454:42: applied
[HalideReplacement] irm::Halide_DivToAdd at apps/camera_pipe/camera_pipe_generator.cpp:511:52: applied
[HalideReplacement] irm::Halide_DivToAdd at apps/camera_pipe/camera_pipe_generator.cpp:515:34: applied
[HalideReplacement] irm::Halide_DivToAdd at apps/camera_pipe/camera_pipe_generator.cpp:525:43: applied
[HalideReplacement] irm::Halide_DivToAdd at apps/camera_pipe/camera_pipe_generator.cpp:576:39: applied
[HalideReplacement] irm::Halide_DivToAdd at apps/camera_pipe/camera_pipe_generator.cpp:577:38: applied
[HalideReplacement] irm::Halide_DivToMul at apps/camera_pipe/camera_pipe_generator.cpp:453:41: applied
[HalideReplacement] irm::Halide_DivToMul at apps/camera_pipe/camera_pipe_generator.cpp:454:42: applied
[HalideReplacement] irm::Halide_DivToMul at apps/camera_pipe/camera_pipe_generator.cpp:511:52: applied
[HalideReplacement] irm::Halide_DivToMul at apps/camera_pipe/camera_pipe_generator.cpp:515:34: applied
[HalideReplacement] irm::Halide_DivToMul at apps/camera_pipe/camera_pipe_generator.cpp:525:43: applied
[HalideReplacement] irm::Halide_DivToMul at apps/camera_pipe/camera_pipe_generator.cpp:576:39: applied
[HalideReplacement] irm::Halide_DivToMul at apps/camera_pipe/camera_pipe_generator.cpp:577:38: applied
[HalideReplacement] irm::Halide_DivToSub at apps/camera_pipe/camera_pipe_generator.cpp:453:41: applied
[HalideReplacement] irm::Halide_DivToSub at apps/camera_pipe/camera_pipe_generator.cpp:454:42: applied
[HalideReplacement] irm::Halide_DivToSub at apps/camera_pipe/camera_pipe_generator.cpp:511:52: applied
[HalideReplacement] irm::Halide_DivToSub at apps/camera_pipe/camera_pipe_generator.cpp:515:34: applied
[HalideReplacement] irm::Halide_DivToSub at apps/camera_pipe/camera_pipe_generator.cpp:525:43: applied
[HalideReplacement] irm::Halide_DivToSub at apps/camera_pipe/camera_pipe_generator.cpp:576:39: applied
[HalideReplacement] irm::Halide_DivToSub at apps/camera_pipe/camera_pipe_generator.cpp:577:38: applied
[HalideReplacement] irm::Halide_MulToAdd at apps/camera_pipe/camera_pipe_generator.cpp:453:46: applied
[HalideReplacement] irm::Halide_MulToAdd at apps/camera_pipe/camera_pipe_generator.cpp:454:47: applied
[HalideReplacement] irm::Halide_MulToAdd at apps/camera_pipe/camera_pipe_generator.cpp:515:39: applied
[HalideReplacement] irm::Halide_MulToAdd at apps/camera_pipe/camera_pipe_generator.cpp:576:52: applied
[HalideReplacement] irm::Halide_MulToAdd at apps/camera_pipe/camera_pipe_generator.cpp:577:52: applied
[HalideReplacement] irm::Halide_MulToDiv at apps/camera_pipe/camera_pipe_generator.cpp:453:46: applied
[HalideReplacement] irm::Halide_MulToDiv at apps/camera_pipe/camera_pipe_generator.cpp:454:47: applied
[HalideReplacement] irm::Halide_MulToDiv at apps/camera_pipe/camera_pipe_generator.cpp:515:39: applied
[HalideReplacement] irm::Halide_MulToDiv at apps/camera_pipe/camera_pipe_generator.cpp:576:52: applied
[HalideReplacement] irm::Halide_MulToDiv at apps/camera_pipe/camera_pipe_generator.cpp:577:52: applied
[HalideReplacement] irm::Halide_MulToSub at apps/camera_pipe/camera_pipe_generator.cpp:453:46: applied
[HalideReplacement] irm::Halide_MulToSub at apps/camera_pipe/camera_pipe_generator.cpp:454:47: applied
[HalideReplacement] irm::Halide_MulToSub at apps/camera_pipe/camera_pipe_generator.cpp:515:39: applied
[HalideReplacement] irm::Halide_MulToSub at apps/camera_pipe/camera_pipe_generator.cpp:576:52: applied
[HalideReplacement] irm::Halide_MulToSub at apps/camera_pipe/camera_pipe_generator.cpp:577:52: applied
[HalideReplacement] irm::Halide_AddToDiv at apps/camera_pipe/camera_pipe_generator.cpp:242:43: applied
[HalideReplacement] irm::Halide_AddToDiv at apps/camera_pipe/camera_pipe_generator.cpp:243:46: applied
[HalideReplacement] irm::Halide_AddToMul at apps/camera_pipe/camera_pipe_generator.cpp:242:43: applied
[HalideReplacement] irm::Halide_AddToMul at apps/camera_pipe/camera_pipe_generator.cpp:243:46: applied
[HalideReplacement] irm::Halide_AddToSub at apps/camera_pipe/camera_pipe_generator.cpp:242:43: applied
[HalideReplacement] irm::Halide_AddToSub at apps/camera_pipe/camera_pipe_generator.cpp:243:46: applied
[HalideReplacement] irm::Halide_SubToAdd at apps/camera_pipe/camera_pipe_generator.cpp:242:26: applied
[HalideReplacement] irm::Halide_SubToAdd at apps/camera_pipe/camera_pipe_generator.cpp:243:29: applied
[HalideReplacement] irm::Halide_SubToDiv at apps/camera_pipe/camera_pipe_generator.cpp:242:26: applied
[HalideReplacement] irm::Halide_SubToDiv at apps/camera_pipe/camera_pipe_generator.cpp:243:29: applied
[HalideReplacement] irm::Halide_SubToMul at apps/camera_pipe/camera_pipe_generator.cpp:242:26: applied
[HalideReplacement] irm::Halide_SubToMul at apps/camera_pipe/camera_pipe_generator.cpp:243:29: applied
[HalideReplacement] irm::Halide_AddToDiv at apps/camera_pipe/camera_pipe_generator.cpp:257:45: applied
[HalideReplacement] irm::Halide_AddToDiv at apps/camera_pipe/camera_pipe_generator.cpp:258:52: applied
[HalideReplacement] irm::Halide_AddToDiv at apps/camera_pipe/camera_pipe_generator.cpp:259:45: applied
[HalideReplacement] irm::Halide_AddToDiv at apps/camera_pipe/camera_pipe_generator.cpp:259:56: applied
[HalideReplacement] irm::Halide_AddToMul at apps/camera_pipe/camera_pipe_generator.cpp:257:45: applied
[HalideReplacement] irm::Halide_AddToMul at apps/camera_pipe/camera_pipe_generator.cpp:258:52: applied
[HalideReplacement] irm::Halide_AddToMul at apps/camera_pipe/camera_pipe_generator.cpp:259:45: applied
[HalideReplacement] irm::Halide_AddToMul at apps/camera_pipe/camera_pipe_generator.cpp:259:56: applied
[HalideReplacement] irm::Halide_AddToSub at apps/camera_pipe/camera_pipe_generator.cpp:257:45: applied
[HalideReplacement] irm::Halide_AddToSub at apps/camera_pipe/camera_pipe_generator.cpp:258:52: applied
[HalideReplacement] irm::Halide_AddToSub at apps/camera_pipe/camera_pipe_generator.cpp:259:45: applied
[HalideReplacement] irm::Halide_AddToSub at apps/camera_pipe/camera_pipe_generator.cpp:259:56: applied
[HalideReplacement] irm::Halide_MulToAdd at apps/camera_pipe/camera_pipe_generator.cpp:256:41: applied
[HalideReplacement] irm::Halide_MulToAdd at apps/camera_pipe/camera_pipe_generator.cpp:256:48: applied
[HalideReplacement] irm::Halide_MulToAdd at apps/camera_pipe/camera_pipe_generator.cpp:257:41: applied
[HalideReplacement] irm::Halide_MulToAdd at apps/camera_pipe/camera_pipe_generator.cpp:257:52: applied
[HalideReplacement] irm::Halide_MulToAdd at apps/camera_pipe/camera_pipe_generator.cpp:258:41: applied
[HalideReplacement] irm::Halide_MulToAdd at apps/camera_pipe/camera_pipe_generator.cpp:258:48: applied
[HalideReplacement] irm::Halide_MulToAdd at apps/camera_pipe/camera_pipe_generator.cpp:259:41: applied
[HalideReplacement] irm::Halide_MulToAdd at apps/camera_pipe/camera_pipe_generator.cpp:259:52: applied
[HalideReplacement] irm::Halide_MulToDiv at apps/camera_pipe/camera_pipe_generator.cpp:256:41: applied
[HalideReplacement] irm::Halide_MulToDiv at apps/camera_pipe/camera_pipe_generator.cpp:256:48: applied
[HalideReplacement] irm::Halide_MulToDiv at apps/camera_pipe/camera_pipe_generator.cpp:257:41: applied
[HalideReplacement] irm::Halide_MulToDiv at apps/camera_pipe/camera_pipe_generator.cpp:257:52: applied
[HalideReplacement] irm::Halide_MulToDiv at apps/camera_pipe/camera_pipe_generator.cpp:258:41: applied
[HalideReplacement] irm::Halide_MulToDiv at apps/camera_pipe/camera_pipe_generator.cpp:258:48: applied
[HalideReplacement] irm::Halide_MulToDiv at apps/camera_pipe/camera_pipe_generator.cpp:259:41: applied
[HalideReplacement] irm::Halide_MulToDiv at apps/camera_pipe/camera_pipe_generator.cpp:259:52: applied
[HalideReplacement] irm::Halide_MulToSub at apps/camera_pipe/camera_pipe_generator.cpp:256:41: applied
[HalideReplacement] irm::Halide_MulToSub at apps/camera_pipe/camera_pipe_generator.cpp:256:48: applied
[HalideReplacement] irm::Halide_MulToSub at apps/camera_pipe/camera_pipe_generator.cpp:257:41: applied
[HalideReplacement] irm::Halide_MulToSub at apps/camera_pipe/camera_pipe_generator.cpp:257:52: applied
[HalideReplacement] irm::Halide_MulToSub at apps/camera_pipe/camera_pipe_generator.cpp:258:41: applied
[HalideReplacement] irm::Halide_MulToSub at apps/camera_pipe/camera_pipe_generator.cpp:258:48: applied
[HalideReplacement] irm::Halide_MulToSub at apps/camera_pipe/camera_pipe_generator.cpp:259:41: applied
[HalideReplacement] irm::Halide_MulToSub at apps/camera_pipe/camera_pipe_generator.cpp:259:52: applied
[HalideReplacement] irm::Halide_AddToDiv at apps/camera_pipe/camera_pipe_generator.cpp:270:43: applied
[HalideReplacement] irm::Halide_AddToDiv at apps/camera_pipe/camera_pipe_generator.cpp:285:27: applied
[HalideReplacement] irm::Halide_AddToDiv at apps/camera_pipe/camera_pipe_generator.cpp:285:47: applied
[HalideReplacement] irm::Halide_AddToDiv at apps/camera_pipe/camera_pipe_generator.cpp:285:67: applied
[HalideReplacement] irm::Halide_AddToDiv at apps/camera_pipe/camera_pipe_generator.cpp:286:27: applied
[HalideReplacement] irm::Halide_AddToDiv at apps/camera_pipe/camera_pipe_generator.cpp:286:47: applied
[HalideReplacement] irm::Halide_AddToDiv at apps/camera_pipe/camera_pipe_generator.cpp:286:67: applied
[HalideReplacement] irm::Halide_AddToDiv at apps/camera_pipe/camera_pipe_generator.cpp:287:27: applied
[HalideReplacement] irm::Halide_AddToDiv at apps/camera_pipe/camera_pipe_generator.cpp:287:47: applied
[HalideReplacement] irm::Halide_AddToDiv at apps/camera_pipe/camera_pipe_generator.cpp:287:67: applied
[HalideReplacement] irm::Halide_AddToMul at apps/camera_pipe/camera_pipe_generator.cpp:270:43: applied
[HalideReplacement] irm::Halide_AddToMul at apps/camera_pipe/camera_pipe_generator.cpp:285:27: applied
[HalideReplacement] irm::Halide_AddToMul at apps/camera_pipe/camera_pipe_generator.cpp:285:47: applied
[HalideReplacement] irm::Halide_AddToMul at apps/camera_pipe/camera_pipe_generator.cpp:285:67: applied
[HalideReplacement] irm::Halide_AddToMul at apps/camera_pipe/camera_pipe_generator.cpp:286:27: applied
[HalideReplacement] irm::Halide_AddToMul at apps/camera_pipe/camera_pipe_generator.cpp:286:47: applied
[HalideReplacement] irm::Halide_AddToMul at apps/camera_pipe/camera_pipe_generator.cpp:286:67: applied
[HalideReplacement] irm::Halide_AddToMul at apps/camera_pipe/camera_pipe_generator.cpp:287:27: applied
[HalideReplacement] irm::Halide_AddToMul at apps/camera_pipe/camera_pipe_generator.cpp:287:47: applied
[HalideReplacement] irm::Halide_AddToMul at apps/camera_pipe/camera_pipe_generator.cpp:287:67: applied
[HalideReplacement] irm::Halide_AddToSub at apps/camera_pipe/camera_pipe_generator.cpp:270:43: applied
[HalideReplacement] irm::Halide_AddToSub at apps/camera_pipe/camera_pipe_generator.cpp:285:27: applied
[HalideReplacement] irm::Halide_AddToSub at apps/camera_pipe/camera_pipe_generator.cpp:285:47: applied
[HalideReplacement] irm::Halide_AddToSub at apps/camera_pipe/camera_pipe_generator.cpp:285:67: applied
[HalideReplacement] irm::Halide_AddToSub at apps/camera_pipe/camera_pipe_generator.cpp:286:27: applied
[HalideReplacement] irm::Halide_AddToSub at apps/camera_pipe/camera_pipe_generator.cpp:286:47: applied
[HalideReplacement] irm::Halide_AddToSub at apps/camera_pipe/camera_pipe_generator.cpp:286:67: applied
[HalideReplacement] irm::Halide_AddToSub at apps/camera_pipe/camera_pipe_generator.cpp:287:27: applied
[HalideReplacement] irm::Halide_AddToSub at apps/camera_pipe/camera_pipe_generator.cpp:287:47: applied
[HalideReplacement] irm::Halide_AddToSub at apps/camera_pipe/camera_pipe_generator.cpp:287:67: applied
[HalideReplacement] irm::Halide_DivToAdd at apps/camera_pipe/camera_pipe_generator.cpp:269:48: applied
[HalideReplacement] irm::Halide_DivToAdd at apps/camera_pipe/camera_pipe_generator.cpp:289:25: applied
[HalideReplacement] irm::Halide_DivToAdd at apps/camera_pipe/camera_pipe_generator.cpp:290:25: applied
[HalideReplacement] irm::Halide_DivToAdd at apps/camera_pipe/camera_pipe_generator.cpp:291:25: applied
[HalideReplacement] irm::Halide_DivToMul at apps/camera_pipe/camera_pipe_generator.cpp:269:24: applied
[HalideReplacement] irm::Halide_DivToMul at apps/camera_pipe/camera_pipe_generator.cpp:269:48: applied
[HalideReplacement] irm::Halide_DivToMul at apps/camera_pipe/camera_pipe_generator.cpp:289:25: applied
[HalideReplacement] irm::Halide_DivToMul at apps/camera_pipe/camera_pipe_generator.cpp:290:25: applied
[HalideReplacement] irm::Halide_DivToMul at apps/camera_pipe/camera_pipe_generator.cpp:291:25: applied
[HalideReplacement] irm::Halide_DivToSub at apps/camera_pipe/camera_pipe_generator.cpp:269:24: applied
[HalideReplacement] irm::Halide_DivToSub at apps/camera_pipe/camera_pipe_generator.cpp:269:48: applied
[HalideReplacement] irm::Halide_DivToSub at apps/camera_pipe/camera_pipe_generator.cpp:289:25: applied
[HalideReplacement] irm::Halide_DivToSub at apps/camera_pipe/camera_pipe_generator.cpp:290:25: applied
[HalideReplacement] irm::Halide_DivToSub at apps/camera_pipe/camera_pipe_generator.cpp:291:25: applied
[HalideReplacement] irm::Halide_MulToAdd at apps/camera_pipe/camera_pipe_generator.cpp:270:35: applied
[HalideReplacement] irm::Halide_MulToAdd at apps/camera_pipe/camera_pipe_generator.cpp:270:63: applied
[HalideReplacement] irm::Halide_MulToAdd at apps/camera_pipe/camera_pipe_generator.cpp:271:38: applied
[HalideReplacement] irm::Halide_MulToAdd at apps/camera_pipe/camera_pipe_generator.cpp:285:42: applied
[HalideReplacement] irm::Halide_MulToAdd at apps/camera_pipe/camera_pipe_generator.cpp:285:62: applied
[HalideReplacement] irm::Halide_MulToAdd at apps/camera_pipe/camera_pipe_generator.cpp:285:82: applied
[HalideReplacement] irm::Halide_MulToAdd at apps/camera_pipe/camera_pipe_generator.cpp:286:42: applied
[HalideReplacement] irm::Halide_MulToAdd at apps/camera_pipe/camera_pipe_generator.cpp:286:62: applied
[HalideReplacement] irm::Halide_MulToAdd at apps/camera_pipe/camera_pipe_generator.cpp:286:82: applied
[HalideReplacement] irm::Halide_MulToAdd at apps/camera_pipe/camera_pipe_generator.cpp:287:42: applied
[HalideReplacement] irm::Halide_MulToAdd at apps/camera_pipe/camera_pipe_generator.cpp:287:62: applied
[HalideReplacement] irm::Halide_MulToAdd at apps/camera_pipe/camera_pipe_generator.cpp:287:82: applied
[HalideReplacement] irm::Halide_MulToDiv at apps/camera_pipe/camera_pipe_generator.cpp:270:35: applied
[HalideReplacement] irm::Halide_MulToDiv at apps/camera_pipe/camera_pipe_generator.cpp:270:63: applied
[HalideReplacement] irm::Halide_MulToDiv at apps/camera_pipe/camera_pipe_generator.cpp:271:38: applied
[HalideReplacement] irm::Halide_MulToDiv at apps/camera_pipe/camera_pipe_generator.cpp:285:42: applied
[HalideReplacement] irm::Halide_MulToDiv at apps/camera_pipe/camera_pipe_generator.cpp:285:62: applied
[HalideReplacement] irm::Halide_MulToDiv at apps/camera_pipe/camera_pipe_generator.cpp:285:82: applied
[HalideReplacement] irm::Halide_MulToDiv at apps/camera_pipe/camera_pipe_generator.cpp:286:42: applied
[HalideReplacement] irm::Halide_MulToDiv at apps/camera_pipe/camera_pipe_generator.cpp:286:62: applied
[HalideReplacement] irm::Halide_MulToDiv at apps/camera_pipe/camera_pipe_generator.cpp:286:82: applied
[HalideReplacement] irm::Halide_MulToDiv at apps/camera_pipe/camera_pipe_generator.cpp:287:42: applied
[HalideReplacement] irm::Halide_MulToDiv at apps/camera_pipe/camera_pipe_generator.cpp:287:62: applied
[HalideReplacement] irm::Halide_MulToDiv at apps/camera_pipe/camera_pipe_generator.cpp:287:82: applied
[HalideReplacement] irm::Halide_MulToSub at apps/camera_pipe/camera_pipe_generator.cpp:270:35: applied
[HalideReplacement] irm::Halide_MulToSub at apps/camera_pipe/camera_pipe_generator.cpp:270:63: applied
[HalideReplacement] irm::Halide_MulToSub at apps/camera_pipe/camera_pipe_generator.cpp:271:38: applied
[HalideReplacement] irm::Halide_MulToSub at apps/camera_pipe/camera_pipe_generator.cpp:285:42: applied
[HalideReplacement] irm::Halide_MulToSub at apps/camera_pipe/camera_pipe_generator.cpp:285:62: applied
[HalideReplacement] irm::Halide_MulToSub at apps/camera_pipe/camera_pipe_generator.cpp:285:82: applied
[HalideReplacement] irm::Halide_MulToSub at apps/camera_pipe/camera_pipe_generator.cpp:286:42: applied
[HalideReplacement] irm::Halide_MulToSub at apps/camera_pipe/camera_pipe_generator.cpp:286:62: applied
[HalideReplacement] irm::Halide_MulToSub at apps/camera_pipe/camera_pipe_generator.cpp:286:82: applied
[HalideReplacement] irm::Halide_MulToSub at apps/camera_pipe/camera_pipe_generator.cpp:287:42: applied
[HalideReplacement] irm::Halide_MulToSub at apps/camera_pipe/camera_pipe_generator.cpp:287:62: applied
[HalideReplacement] irm::Halide_MulToSub at apps/camera_pipe/camera_pipe_generator.cpp:287:82: applied
[HalideReplacement] irm::Halide_SubToAdd at apps/camera_pipe/camera_pipe_generator.cpp:269:33: applied
[HalideReplacement] irm::Halide_SubToAdd at apps/camera_pipe/camera_pipe_generator.cpp:270:68: applied
[HalideReplacement] irm::Halide_SubToDiv at apps/camera_pipe/camera_pipe_generator.cpp:269:33: applied
[HalideReplacement] irm::Halide_SubToDiv at apps/camera_pipe/camera_pipe_generator.cpp:270:68: applied
[HalideReplacement] irm::Halide_SubToMul at apps/camera_pipe/camera_pipe_generator.cpp:269:33: applied
[HalideReplacement] irm::Halide_SubToMul at apps/camera_pipe/camera_pipe_generator.cpp:270:68: applied
[HalideReplacement] irm::Halide_AddToDiv at apps/camera_pipe/camera_pipe_generator.cpp:301:21: applied
[HalideReplacement] irm::Halide_AddToDiv at apps/camera_pipe/camera_pipe_generator.cpp:326:57: applied
[HalideReplacement] irm::Halide_AddToDiv at apps/camera_pipe/camera_pipe_generator.cpp:327:31: applied
[HalideReplacement] irm::Halide_AddToDiv at apps/camera_pipe/camera_pipe_generator.cpp:330:51: applied
[HalideReplacement] irm::Halide_AddToDiv at apps/camera_pipe/camera_pipe_generator.cpp:362:34: applied
[HalideReplacement] irm::Halide_AddToDiv at apps/camera_pipe/camera_pipe_generator.cpp:363:75: applied
[HalideReplacement] irm::Halide_AddToMul at apps/camera_pipe/camera_pipe_generator.cpp:301:21: applied
[HalideReplacement] irm::Halide_AddToMul at apps/camera_pipe/camera_pipe_generator.cpp:326:57: applied
[HalideReplacement] irm::Halide_AddToMul at apps/camera_pipe/camera_pipe_generator.cpp:327:31: applied
[HalideReplacement] irm::Halide_AddToMul at apps/camera_pipe/camera_pipe_generator.cpp:330:51: applied
[HalideReplacement] irm::Halide_AddToMul at apps/camera_pipe/camera_pipe_generator.cpp:362:34: applied
[HalideReplacement] irm::Halide_AddToMul at apps/camera_pipe/camera_pipe_generator.cpp:363:75: applied
[HalideReplacement] irm::Halide_AddToSub at apps/camera_pipe/camera_pipe_generator.cpp:301:21: applied
[HalideReplacement] irm::Halide_AddToSub at apps/camera_pipe/camera_pipe_generator.cpp:326:57: applied
[HalideReplacement] irm::Halide_AddToSub at apps/camera_pipe/camera_pipe_generator.cpp:327:31: applied
[HalideReplacement] irm::Halide_AddToSub at apps/camera_pipe/camera_pipe_generator.cpp:330:51: applied
[HalideReplacement] irm::Halide_AddToSub at apps/camera_pipe/camera_pipe_generator.cpp:362:34: applied
[HalideReplacement] irm::Halide_AddToSub at apps/camera_pipe/camera_pipe_generator.cpp:363:75: applied
[HalideReplacement] irm::Halide_DivToAdd at apps/camera_pipe/camera_pipe_generator.cpp:317:40: applied
[HalideReplacement] irm::Halide_DivToAdd at apps/camera_pipe/camera_pipe_generator.cpp:359:22: applied
[HalideReplacement] irm::Halide_DivToAdd at apps/camera_pipe/camera_pipe_generator.cpp:363:92: applied
[HalideReplacement] irm::Halide_DivToMul at apps/camera_pipe/camera_pipe_generator.cpp:316:26: applied
[HalideReplacement] irm::Halide_DivToMul at apps/camera_pipe/camera_pipe_generator.cpp:317:40: applied
[HalideReplacement] irm::Halide_DivToMul at apps/camera_pipe/camera_pipe_generator.cpp:323:27: applied
[HalideReplacement] irm::Halide_DivToMul at apps/camera_pipe/camera_pipe_generator.cpp:359:22: applied
[HalideReplacement] irm::Halide_DivToMul at apps/camera_pipe/camera_pipe_generator.cpp:363:92: applied
[HalideReplacement] irm::Halide_DivToSub at apps/camera_pipe/camera_pipe_generator.cpp:316:26: applied
[HalideReplacement] irm::Halide_DivToSub at apps/camera_pipe/camera_pipe_generator.cpp:317:40: applied
[HalideReplacement] irm::Halide_DivToSub at apps/camera_pipe/camera_pipe_generator.cpp:323:27: applied
[HalideReplacement] irm::Halide_DivToSub at apps/camera_pipe/camera_pipe_generator.cpp:359:22: applied
[HalideReplacement] irm::Halide_DivToSub at apps/camera_pipe/camera_pipe_generator.cpp:363:92: applied
[HalideReplacement] irm::Halide_MulToAdd at apps/camera_pipe/camera_pipe_generator.cpp:321:45: applied
[HalideReplacement] irm::Halide_MulToAdd at apps/camera_pipe/camera_pipe_generator.cpp:326:31: applied
[HalideReplacement] irm::Halide_MulToAdd at apps/camera_pipe/camera_pipe_generator.cpp:326:44: applied
[HalideReplacement] irm::Halide_MulToAdd at apps/camera_pipe/camera_pipe_generator.cpp:326:61: applied
[HalideReplacement] irm::Halide_MulToAdd at apps/camera_pipe/camera_pipe_generator.cpp:327:23: applied
[HalideReplacement] irm::Halide_MulToAdd at apps/camera_pipe/camera_pipe_generator.cpp:327:27: applied
[HalideReplacement] irm::Halide_MulToAdd at apps/camera_pipe/camera_pipe_generator.cpp:327:35: applied
[HalideReplacement] irm::Halide_MulToAdd at apps/camera_pipe/camera_pipe_generator.cpp:330:42: applied
[HalideReplacement] irm::Halide_MulToAdd at apps/camera_pipe/camera_pipe_generator.cpp:363:61: applied
[HalideReplacement] irm::Halide_MulToAdd at apps/camera_pipe/camera_pipe_generator.cpp:363:87: applied
[HalideReplacement] irm::Halide_MulToDiv at apps/camera_pipe/camera_pipe_generator.cpp:318:26: applied
[HalideReplacement] irm::Halide_MulToDiv at apps/camera_pipe/camera_pipe_generator.cpp:321:45: applied
[HalideReplacement] irm::Halide_MulToDiv at apps/camera_pipe/camera_pipe_generator.cpp:326:31: applied
[HalideReplacement] irm::Halide_MulToDiv at apps/camera_pipe/camera_pipe_generator.cpp:326:44: applied
[HalideReplacement] irm::Halide_MulToDiv at apps/camera_pipe/camera_pipe_generator.cpp:326:61: applied
[HalideReplacement] irm::Halide_MulToDiv at apps/camera_pipe/camera_pipe_generator.cpp:327:23: applied
[HalideReplacement] irm::Halide_MulToDiv at apps/camera_pipe/camera_pipe_generator.cpp:327:27: applied
[HalideReplacement] irm::Halide_MulToDiv at apps/camera_pipe/camera_pipe_generator.cpp:327:35: applied
[HalideReplacement] irm::Halide_MulToDiv at apps/camera_pipe/camera_pipe_generator.cpp:330:42: applied
[HalideReplacement] irm::Halide_MulToDiv at apps/camera_pipe/camera_pipe_generator.cpp:363:61: applied
[HalideReplacement] irm::Halide_MulToDiv at apps/camera_pipe/camera_pipe_generator.cpp:363:87: applied
[HalideReplacement] irm::Halide_MulToSub at apps/camera_pipe/camera_pipe_generator.cpp:318:26: applied
[HalideReplacement] irm::Halide_MulToSub at apps/camera_pipe/camera_pipe_generator.cpp:321:45: applied
[HalideReplacement] irm::Halide_MulToSub at apps/camera_pipe/camera_pipe_generator.cpp:326:31: applied
[HalideReplacement] irm::Halide_MulToSub at apps/camera_pipe/camera_pipe_generator.cpp:326:44: applied
[HalideReplacement] irm::Halide_MulToSub at apps/camera_pipe/camera_pipe_generator.cpp:326:61: applied
[HalideReplacement] irm::Halide_MulToSub at apps/camera_pipe/camera_pipe_generator.cpp:327:23: applied
[HalideReplacement] irm::Halide_MulToSub at apps/camera_pipe/camera_pipe_generator.cpp:327:27: applied
[HalideReplacement] irm::Halide_MulToSub at apps/camera_pipe/camera_pipe_generator.cpp:327:35: applied
[HalideReplacement] irm::Halide_MulToSub at apps/camera_pipe/camera_pipe_generator.cpp:330:42: applied
[HalideReplacement] irm::Halide_MulToSub at apps/camera_pipe/camera_pipe_generator.cpp:363:61: applied
[HalideReplacement] irm::Halide_MulToSub at apps/camera_pipe/camera_pipe_generator.cpp:363:87: applied
[HalideReplacement] irm::Halide_SubToAdd at apps/camera_pipe/camera_pipe_generator.cpp:316:36: applied
[HalideReplacement] irm::Halide_SubToAdd at apps/camera_pipe/camera_pipe_generator.cpp:321:35: applied
[HalideReplacement] irm::Halide_SubToAdd at apps/camera_pipe/camera_pipe_generator.cpp:363:81: applied
[HalideReplacement] irm::Halide_SubToDiv at apps/camera_pipe/camera_pipe_generator.cpp:316:36: applied
[HalideReplacement] irm::Halide_SubToDiv at apps/camera_pipe/camera_pipe_generator.cpp:317:19: applied
[HalideReplacement] irm::Halide_SubToDiv at apps/camera_pipe/camera_pipe_generator.cpp:318:19: applied
[HalideReplacement] irm::Halide_SubToDiv at apps/camera_pipe/camera_pipe_generator.cpp:321:35: applied
[HalideReplacement] irm::Halide_SubToDiv at apps/camera_pipe/camera_pipe_generator.cpp:326:39: applied
[HalideReplacement] irm::Halide_SubToDiv at apps/camera_pipe/camera_pipe_generator.cpp:326:52: applied
[HalideReplacement] irm::Halide_SubToDiv at apps/camera_pipe/camera_pipe_generator.cpp:326:69: applied
[HalideReplacement] irm::Halide_SubToDiv at apps/camera_pipe/camera_pipe_generator.cpp:326:26: applied
[HalideReplacement] irm::Halide_SubToDiv at apps/camera_pipe/camera_pipe_generator.cpp:363:81: applied
[HalideReplacement] irm::Halide_SubToMul at apps/camera_pipe/camera_pipe_generator.cpp:316:36: applied
[HalideReplacement] irm::Halide_SubToMul at apps/camera_pipe/camera_pipe_generator.cpp:317:19: applied
[HalideReplacement] irm::Halide_SubToMul at apps/camera_pipe/camera_pipe_generator.cpp:318:19: applied
[HalideReplacement] irm::Halide_SubToMul at apps/camera_pipe/camera_pipe_generator.cpp:321:35: applied
[HalideReplacement] irm::Halide_SubToMul at apps/camera_pipe/camera_pipe_generator.cpp:326:39: applied
[HalideReplacement] irm::Halide_SubToMul at apps/camera_pipe/camera_pipe_generator.cpp:326:52: applied
[HalideReplacement] irm::Halide_SubToMul at apps/camera_pipe/camera_pipe_generator.cpp:326:69: applied
[HalideReplacement] irm::Halide_SubToMul at apps/camera_pipe/camera_pipe_generator.cpp:326:26: applied
[HalideReplacement] irm::Halide_SubToMul at apps/camera_pipe/camera_pipe_generator.cpp:363:81: applied
[HalideReplacement] irm::Halide_AddToDiv at apps/camera_pipe/camera_pipe_generator.cpp:390:81: applied
[HalideReplacement] irm::Halide_AddToDiv at apps/camera_pipe/camera_pipe_generator.cpp:393:88: applied
[HalideReplacement] irm::Halide_AddToDiv at apps/camera_pipe/camera_pipe_generator.cpp:401:48: applied
[HalideReplacement] irm::Halide_AddToMul at apps/camera_pipe/camera_pipe_generator.cpp:390:81: applied
[HalideReplacement] irm::Halide_AddToMul at apps/camera_pipe/camera_pipe_generator.cpp:393:88: applied
[HalideReplacement] irm::Halide_AddToMul at apps/camera_pipe/camera_pipe_generator.cpp:401:48: applied
[HalideReplacement] irm::Halide_AddToSub at apps/camera_pipe/camera_pipe_generator.cpp:390:81: applied
[HalideReplacement] irm::Halide_AddToSub at apps/camera_pipe/camera_pipe_generator.cpp:393:88: applied
[HalideReplacement] irm::Halide_AddToSub at apps/camera_pipe/camera_pipe_generator.cpp:401:48: applied
[HalideReplacement] irm::Halide_DivToAdd at apps/camera_pipe/camera_pipe_generator.cpp:401:91: applied
[HalideReplacement] irm::Halide_DivToMul at apps/camera_pipe/camera_pipe_generator.cpp:401:91: applied
[HalideReplacement] irm::Halide_DivToSub at apps/camera_pipe/camera_pipe_generator.cpp:401:91: applied
[HalideReplacement] irm::Halide_MulToAdd at apps/camera_pipe/camera_pipe_generator.cpp:372:54: applied
[HalideReplacement] irm::Halide_MulToAdd at apps/camera_pipe/camera_pipe_generator.cpp:401:65: applied
[HalideReplacement] irm::Halide_MulToDiv at apps/camera_pipe/camera_pipe_generator.cpp:372:54: applied
[HalideReplacement] irm::Halide_MulToDiv at apps/camera_pipe/camera_pipe_generator.cpp:401:65: applied
[HalideReplacement] irm::Halide_MulToSub at apps/camera_pipe/camera_pipe_generator.cpp:372:54: applied
[HalideReplacement] irm::Halide_MulToSub at apps/camera_pipe/camera_pipe_generator.cpp:401:65: applied
[HalideReplacement] irm::Halide_SubToAdd at apps/camera_pipe/camera_pipe_generator.cpp:390:45: applied
[HalideReplacement] irm::Halide_SubToAdd at apps/camera_pipe/camera_pipe_generator.cpp:393:44: applied
[HalideReplacement] irm::Halide_SubToAdd at apps/camera_pipe/camera_pipe_generator.cpp:396:51: applied
[HalideReplacement] irm::Halide_SubToDiv at apps/camera_pipe/camera_pipe_generator.cpp:390:45: applied
[HalideReplacement] irm::Halide_SubToDiv at apps/camera_pipe/camera_pipe_generator.cpp:393:44: applied
[HalideReplacement] irm::Halide_SubToDiv at apps/camera_pipe/camera_pipe_generator.cpp:396:51: applied
[HalideReplacement] irm::Halide_SubToMul at apps/camera_pipe/camera_pipe_generator.cpp:390:45: applied
[HalideReplacement] irm::Halide_SubToMul at apps/camera_pipe/camera_pipe_generator.cpp:393:44: applied
[HalideReplacement] irm::Halide_SubToMul at apps/camera_pipe/camera_pipe_generator.cpp:396:51: applied
[HalideReplacement] irm::Halide_AddToDiv at apps/camera_pipe/camera_pipe_generator.cpp:72:32: applied
[HalideReplacement] irm::Halide_AddToDiv at apps/camera_pipe/camera_pipe_generator.cpp:73:34: applied
[HalideReplacement] irm::Halide_AddToDiv at apps/camera_pipe/camera_pipe_generator.cpp:77:35: applied
[HalideReplacement] irm::Halide_AddToDiv at apps/camera_pipe/camera_pipe_generator.cpp:78:37: applied
[HalideReplacement] irm::Halide_AddToDiv at apps/camera_pipe/camera_pipe_generator.cpp:90:33: applied
[HalideReplacement] irm::Halide_AddToDiv at apps/camera_pipe/camera_pipe_generator.cpp:94:33: applied
[HalideReplacement] irm::Halide_AddToDiv at apps/camera_pipe/camera_pipe_generator.cpp:96:59: applied
[HalideReplacement] irm::Halide_AddToDiv at apps/camera_pipe/camera_pipe_generator.cpp:97:59: applied
[HalideReplacement] irm::Halide_AddToDiv at apps/camera_pipe/camera_pipe_generator.cpp:97:33: applied
[HalideReplacement] irm::Halide_AddToDiv at apps/camera_pipe/camera_pipe_generator.cpp:99:56: applied
[HalideReplacement] irm::Halide_AddToDiv at apps/camera_pipe/camera_pipe_generator.cpp:100:56: applied
[HalideReplacement] irm::Halide_AddToDiv at apps/camera_pipe/camera_pipe_generator.cpp:100:33: applied
[HalideReplacement] irm::Halide_AddToDiv at apps/camera_pipe/camera_pipe_generator.cpp:111:62: applied
[HalideReplacement] irm::Halide_AddToDiv at apps/camera_pipe/camera_pipe_generator.cpp:112:62: applied
[HalideReplacement] irm::Halide_AddToDiv at apps/camera_pipe/camera_pipe_generator.cpp:112:32: applied
[HalideReplacement] irm::Halide_AddToDiv at apps/camera_pipe/camera_pipe_generator.cpp:113:51: applied
[HalideReplacement] irm::Halide_AddToDiv at apps/camera_pipe/camera_pipe_generator.cpp:115:62: applied
[HalideReplacement] irm::Halide_AddToDiv at apps/camera_pipe/camera_pipe_generator.cpp:116:62: applied
[HalideReplacement] irm::Halide_AddToDiv at apps/camera_pipe/camera_pipe_generator.cpp:116:32: applied
[HalideReplacement] irm::Halide_AddToDiv at apps/camera_pipe/camera_pipe_generator.cpp:117:51: applied
[HalideReplacement] irm::Halide_AddToDiv at apps/camera_pipe/camera_pipe_generator.cpp:122:55: applied
[HalideReplacement] irm::Halide_AddToDiv at apps/camera_pipe/camera_pipe_generator.cpp:123:55: applied
[HalideReplacement] irm::Halide_AddToDiv at apps/camera_pipe/camera_pipe_generator.cpp:123:32: applied
[HalideReplacement] irm::Halide_AddToDiv at apps/camera_pipe/camera_pipe_generator.cpp:124:44: applied
[HalideReplacement] irm::Halide_AddToDiv at apps/camera_pipe/camera_pipe_generator.cpp:126:44: applied
[HalideReplacement] irm::Halide_AddToDiv at apps/camera_pipe/camera_pipe_generator.cpp:127:44: applied
[HalideReplacement] irm::Halide_AddToDiv at apps/camera_pipe/camera_pipe_generator.cpp:127:32: applied
[HalideReplacement] irm::Halide_AddToDiv at apps/camera_pipe/camera_pipe_generator.cpp:128:33: applied
[HalideReplacement] irm::Halide_AddToMul at apps/camera_pipe/camera_pipe_generator.cpp:72:32: applied
[HalideReplacement] irm::Halide_AddToMul at apps/camera_pipe/camera_pipe_generator.cpp:73:34: applied
[HalideReplacement] irm::Halide_AddToMul at apps/camera_pipe/camera_pipe_generator.cpp:77:35: applied
[HalideReplacement] irm::Halide_AddToMul at apps/camera_pipe/camera_pipe_generator.cpp:78:37: applied
[HalideReplacement] irm::Halide_AddToMul at apps/camera_pipe/camera_pipe_generator.cpp:90:33: applied
[HalideReplacement] irm::Halide_AddToMul at apps/camera_pipe/camera_pipe_generator.cpp:94:33: applied
[HalideReplacement] irm::Halide_AddToMul at apps/camera_pipe/camera_pipe_generator.cpp:96:59: applied
[HalideReplacement] irm::Halide_AddToMul at apps/camera_pipe/camera_pipe_generator.cpp:97:59: applied
[HalideReplacement] irm::Halide_AddToMul at apps/camera_pipe/camera_pipe_generator.cpp:97:33: applied
[HalideReplacement] irm::Halide_AddToMul at apps/camera_pipe/camera_pipe_generator.cpp:99:56: applied
[HalideReplacement] irm::Halide_AddToMul at apps/camera_pipe/camera_pipe_generator.cpp:100:56: applied
[HalideReplacement] irm::Halide_AddToMul at apps/camera_pipe/camera_pipe_generator.cpp:100:33: applied
[HalideReplacement] irm::Halide_AddToMul at apps/camera_pipe/camera_pipe_generator.cpp:111:62: applied
[HalideReplacement] irm::Halide_AddToMul at apps/camera_pipe/camera_pipe_generator.cpp:112:62: applied
[HalideReplacement] irm::Halide_AddToMul at apps/camera_pipe/camera_pipe_generator.cpp:112:32: applied
[HalideReplacement] irm::Halide_AddToMul at apps/camera_pipe/camera_pipe_generator.cpp:113:51: applied
[HalideReplacement] irm::Halide_AddToMul at apps/camera_pipe/camera_pipe_generator.cpp:115:62: applied
[HalideReplacement] irm::Halide_AddToMul at apps/camera_pipe/camera_pipe_generator.cpp:116:62: applied
[HalideReplacement] irm::Halide_AddToMul at apps/camera_pipe/camera_pipe_generator.cpp:116:32: applied
[HalideReplacement] irm::Halide_AddToMul at apps/camera_pipe/camera_pipe_generator.cpp:117:51: applied
[HalideReplacement] irm::Halide_AddToMul at apps/camera_pipe/camera_pipe_generator.cpp:122:55: applied
[HalideReplacement] irm::Halide_AddToMul at apps/camera_pipe/camera_pipe_generator.cpp:123:55: applied
[HalideReplacement] irm::Halide_AddToMul at apps/camera_pipe/camera_pipe_generator.cpp:123:32: applied
[HalideReplacement] irm::Halide_AddToMul at apps/camera_pipe/camera_pipe_generator.cpp:124:44: applied
[HalideReplacement] irm::Halide_AddToMul at apps/camera_pipe/camera_pipe_generator.cpp:126:44: applied
[HalideReplacement] irm::Halide_AddToMul at apps/camera_pipe/camera_pipe_generator.cpp:127:44: applied
[HalideReplacement] irm::Halide_AddToMul at apps/camera_pipe/camera_pipe_generator.cpp:127:32: applied
[HalideReplacement] irm::Halide_AddToMul at apps/camera_pipe/camera_pipe_generator.cpp:128:33: applied
[HalideReplacement] irm::Halide_AddToSub at apps/camera_pipe/camera_pipe_generator.cpp:72:32: applied
[HalideReplacement] irm::Halide_AddToSub at apps/camera_pipe/camera_pipe_generator.cpp:73:34: applied
[HalideReplacement] irm::Halide_AddToSub at apps/camera_pipe/camera_pipe_generator.cpp:77:35: applied
[HalideReplacement] irm::Halide_AddToSub at apps/camera_pipe/camera_pipe_generator.cpp:78:37: applied
[HalideReplacement] irm::Halide_AddToSub at apps/camera_pipe/camera_pipe_generator.cpp:90:33: applied
[HalideReplacement] irm::Halide_AddToSub at apps/camera_pipe/camera_pipe_generator.cpp:94:33: applied
[HalideReplacement] irm::Halide_AddToSub at apps/camera_pipe/camera_pipe_generator.cpp:96:59: applied
[HalideReplacement] irm::Halide_AddToSub at apps/camera_pipe/camera_pipe_generator.cpp:97:59: applied
[HalideReplacement] irm::Halide_AddToSub at apps/camera_pipe/camera_pipe_generator.cpp:97:33: applied
[HalideReplacement] irm::Halide_AddToSub at apps/camera_pipe/camera_pipe_generator.cpp:99:56: applied
[HalideReplacement] irm::Halide_AddToSub at apps/camera_pipe/camera_pipe_generator.cpp:100:56: applied
[HalideReplacement] irm::Halide_AddToSub at apps/camera_pipe/camera_pipe_generator.cpp:100:33: applied
[HalideReplacement] irm::Halide_AddToSub at apps/camera_pipe/camera_pipe_generator.cpp:111:62: applied
[HalideReplacement] irm::Halide_AddToSub at apps/camera_pipe/camera_pipe_generator.cpp:112:62: applied
[HalideReplacement] irm::Halide_AddToSub at apps/camera_pipe/camera_pipe_generator.cpp:112:32: applied
[HalideReplacement] irm::Halide_AddToSub at apps/camera_pipe/camera_pipe_generator.cpp:113:51: applied
[HalideReplacement] irm::Halide_AddToSub at apps/camera_pipe/camera_pipe_generator.cpp:115:62: applied
[HalideReplacement] irm::Halide_AddToSub at apps/camera_pipe/camera_pipe_generator.cpp:116:62: applied
[HalideReplacement] irm::Halide_AddToSub at apps/camera_pipe/camera_pipe_generator.cpp:116:32: applied
[HalideReplacement] irm::Halide_AddToSub at apps/camera_pipe/camera_pipe_generator.cpp:117:51: applied
[HalideReplacement] irm::Halide_AddToSub at apps/camera_pipe/camera_pipe_generator.cpp:122:55: applied
[HalideReplacement] irm::Halide_AddToSub at apps/camera_pipe/camera_pipe_generator.cpp:123:55: applied
[HalideReplacement] irm::Halide_AddToSub at apps/camera_pipe/camera_pipe_generator.cpp:123:32: applied
[HalideReplacement] irm::Halide_AddToSub at apps/camera_pipe/camera_pipe_generator.cpp:124:44: applied
[HalideReplacement] irm::Halide_AddToSub at apps/camera_pipe/camera_pipe_generator.cpp:126:44: applied
[HalideReplacement] irm::Halide_AddToSub at apps/camera_pipe/camera_pipe_generator.cpp:127:44: applied
[HalideReplacement] irm::Halide_AddToSub at apps/camera_pipe/camera_pipe_generator.cpp:127:32: applied
[HalideReplacement] irm::Halide_AddToSub at apps/camera_pipe/camera_pipe_generator.cpp:128:33: applied
[HalideReplacement] irm::Halide_SubToAdd at apps/camera_pipe/camera_pipe_generator.cpp:70:35: applied
[HalideReplacement] irm::Halide_SubToAdd at apps/camera_pipe/camera_pipe_generator.cpp:71:37: applied
[HalideReplacement] irm::Halide_SubToAdd at apps/camera_pipe/camera_pipe_generator.cpp:79:32: applied
[HalideReplacement] irm::Halide_SubToAdd at apps/camera_pipe/camera_pipe_generator.cpp:80:34: applied
[HalideReplacement] irm::Halide_SubToAdd at apps/camera_pipe/camera_pipe_generator.cpp:89:56: applied
[HalideReplacement] irm::Halide_SubToAdd at apps/camera_pipe/camera_pipe_generator.cpp:89:33: applied
[HalideReplacement] irm::Halide_SubToAdd at apps/camera_pipe/camera_pipe_generator.cpp:90:45: applied
[HalideReplacement] irm::Halide_SubToAdd at apps/camera_pipe/camera_pipe_generator.cpp:93:59: applied
[HalideReplacement] irm::Halide_SubToAdd at apps/camera_pipe/camera_pipe_generator.cpp:93:33: applied
[HalideReplacement] irm::Halide_SubToAdd at apps/camera_pipe/camera_pipe_generator.cpp:94:59: applied
[HalideReplacement] irm::Halide_SubToAdd at apps/camera_pipe/camera_pipe_generator.cpp:96:33: applied
[HalideReplacement] irm::Halide_SubToAdd at apps/camera_pipe/camera_pipe_generator.cpp:99:33: applied
[HalideReplacement] irm::Halide_SubToAdd at apps/camera_pipe/camera_pipe_generator.cpp:111:55: applied
[HalideReplacement] irm::Halide_SubToAdd at apps/camera_pipe/camera_pipe_generator.cpp:111:32: applied
[HalideReplacement] irm::Halide_SubToAdd at apps/camera_pipe/camera_pipe_generator.cpp:112:55: applied
[HalideReplacement] irm::Halide_SubToAdd at apps/camera_pipe/camera_pipe_generator.cpp:113:44: applied
[HalideReplacement] irm::Halide_SubToAdd at apps/camera_pipe/camera_pipe_generator.cpp:115:44: applied
[HalideReplacement] irm::Halide_SubToAdd at apps/camera_pipe/camera_pipe_generator.cpp:115:32: applied
[HalideReplacement] irm::Halide_SubToAdd at apps/camera_pipe/camera_pipe_generator.cpp:116:44: applied
[HalideReplacement] irm::Halide_SubToAdd at apps/camera_pipe/camera_pipe_generator.cpp:117:33: applied
[HalideReplacement] irm::Halide_SubToAdd at apps/camera_pipe/camera_pipe_generator.cpp:122:62: applied
[HalideReplacement] irm::Halide_SubToAdd at apps/camera_pipe/camera_pipe_generator.cpp:122:32: applied
[HalideReplacement] irm::Halide_SubToAdd at apps/camera_pipe/camera_pipe_generator.cpp:123:62: applied
[HalideReplacement] irm::Halide_SubToAdd at apps/camera_pipe/camera_pipe_generator.cpp:124:51: applied
[HalideReplacement] irm::Halide_SubToAdd at apps/camera_pipe/camera_pipe_generator.cpp:126:62: applied
[HalideReplacement] irm::Halide_SubToAdd at apps/camera_pipe/camera_pipe_generator.cpp:126:32: applied
[HalideReplacement] irm::Halide_SubToAdd at apps/camera_pipe/camera_pipe_generator.cpp:127:62: applied
[HalideReplacement] irm::Halide_SubToAdd at apps/camera_pipe/camera_pipe_generator.cpp:128:51: applied
[HalideReplacement] irm::Halide_SubToDiv at apps/camera_pipe/camera_pipe_generator.cpp:70:35: applied
[HalideReplacement] irm::Halide_SubToDiv at apps/camera_pipe/camera_pipe_generator.cpp:71:37: applied
[HalideReplacement] irm::Halide_SubToDiv at apps/camera_pipe/camera_pipe_generator.cpp:79:32: applied
[HalideReplacement] irm::Halide_SubToDiv at apps/camera_pipe/camera_pipe_generator.cpp:80:34: applied
[HalideReplacement] irm::Halide_SubToDiv at apps/camera_pipe/camera_pipe_generator.cpp:89:56: applied
[HalideReplacement] irm::Halide_SubToDiv at apps/camera_pipe/camera_pipe_generator.cpp:89:33: applied
[HalideReplacement] irm::Halide_SubToDiv at apps/camera_pipe/camera_pipe_generator.cpp:90:45: applied
[HalideReplacement] irm::Halide_SubToDiv at apps/camera_pipe/camera_pipe_generator.cpp:93:59: applied
[HalideReplacement] irm::Halide_SubToDiv at apps/camera_pipe/camera_pipe_generator.cpp:93:33: applied
[HalideReplacement] irm::Halide_SubToDiv at apps/camera_pipe/camera_pipe_generator.cpp:94:59: applied
[HalideReplacement] irm::Halide_SubToDiv at apps/camera_pipe/camera_pipe_generator.cpp:96:33: applied
[HalideReplacement] irm::Halide_SubToDiv at apps/camera_pipe/camera_pipe_generator.cpp:99:33: applied
[HalideReplacement] irm::Halide_SubToDiv at apps/camera_pipe/camera_pipe_generator.cpp:111:55: applied
[HalideReplacement] irm::Halide_SubToDiv at apps/camera_pipe/camera_pipe_generator.cpp:111:32: applied
[HalideReplacement] irm::Halide_SubToDiv at apps/camera_pipe/camera_pipe_generator.cpp:112:55: applied
[HalideReplacement] irm::Halide_SubToDiv at apps/camera_pipe/camera_pipe_generator.cpp:113:44: applied
[HalideReplacement] irm::Halide_SubToDiv at apps/camera_pipe/camera_pipe_generator.cpp:115:44: applied
[HalideReplacement] irm::Halide_SubToDiv at apps/camera_pipe/camera_pipe_generator.cpp:115:32: applied
[HalideReplacement] irm::Halide_SubToDiv at apps/camera_pipe/camera_pipe_generator.cpp:116:44: applied
[HalideReplacement] irm::Halide_SubToDiv at apps/camera_pipe/camera_pipe_generator.cpp:117:33: applied
[HalideReplacement] irm::Halide_SubToDiv at apps/camera_pipe/camera_pipe_generator.cpp:122:62: applied
[HalideReplacement] irm::Halide_SubToDiv at apps/camera_pipe/camera_pipe_generator.cpp:122:32: applied
[HalideReplacement] irm::Halide_SubToDiv at apps/camera_pipe/camera_pipe_generator.cpp:123:62: applied
[HalideReplacement] irm::Halide_SubToDiv at apps/camera_pipe/camera_pipe_generator.cpp:124:51: applied
[HalideReplacement] irm::Halide_SubToDiv at apps/camera_pipe/camera_pipe_generator.cpp:126:62: applied
[HalideReplacement] irm::Halide_SubToDiv at apps/camera_pipe/camera_pipe_generator.cpp:126:32: applied
[HalideReplacement] irm::Halide_SubToDiv at apps/camera_pipe/camera_pipe_generator.cpp:127:62: applied
[HalideReplacement] irm::Halide_SubToDiv at apps/camera_pipe/camera_pipe_generator.cpp:128:51: applied
[HalideReplacement] irm::Halide_SubToMul at apps/camera_pipe/camera_pipe_generator.cpp:70:35: applied
[HalideReplacement] irm::Halide_SubToMul at apps/camera_pipe/camera_pipe_generator.cpp:71:37: applied
[HalideReplacement] irm::Halide_SubToMul at apps/camera_pipe/camera_pipe_generator.cpp:79:32: applied
[HalideReplacement] irm::Halide_SubToMul at apps/camera_pipe/camera_pipe_generator.cpp:80:34: applied
[HalideReplacement] irm::Halide_SubToMul at apps/camera_pipe/camera_pipe_generator.cpp:89:56: applied
[HalideReplacement] irm::Halide_SubToMul at apps/camera_pipe/camera_pipe_generator.cpp:89:33: applied
[HalideReplacement] irm::Halide_SubToMul at apps/camera_pipe/camera_pipe_generator.cpp:90:45: applied
[HalideReplacement] irm::Halide_SubToMul at apps/camera_pipe/camera_pipe_generator.cpp:93:59: applied
[HalideReplacement] irm::Halide_SubToMul at apps/camera_pipe/camera_pipe_generator.cpp:93:33: applied
[HalideReplacement] irm::Halide_SubToMul at apps/camera_pipe/camera_pipe_generator.cpp:94:59: applied
[HalideReplacement] irm::Halide_SubToMul at apps/camera_pipe/camera_pipe_generator.cpp:96:33: applied
[HalideReplacement] irm::Halide_SubToMul at apps/camera_pipe/camera_pipe_generator.cpp:99:33: applied
[HalideReplacement] irm::Halide_SubToMul at apps/camera_pipe/camera_pipe_generator.cpp:111:55: applied
[HalideReplacement] irm::Halide_SubToMul at apps/camera_pipe/camera_pipe_generator.cpp:111:32: applied
[HalideReplacement] irm::Halide_SubToMul at apps/camera_pipe/camera_pipe_generator.cpp:112:55: applied
[HalideReplacement] irm::Halide_SubToMul at apps/camera_pipe/camera_pipe_generator.cpp:113:44: applied
[HalideReplacement] irm::Halide_SubToMul at apps/camera_pipe/camera_pipe_generator.cpp:115:44: applied
[HalideReplacement] irm::Halide_SubToMul at apps/camera_pipe/camera_pipe_generator.cpp:115:32: applied
[HalideReplacement] irm::Halide_SubToMul at apps/camera_pipe/camera_pipe_generator.cpp:116:44: applied
[HalideReplacement] irm::Halide_SubToMul at apps/camera_pipe/camera_pipe_generator.cpp:117:33: applied
[HalideReplacement] irm::Halide_SubToMul at apps/camera_pipe/camera_pipe_generator.cpp:122:62: applied
[HalideReplacement] irm::Halide_SubToMul at apps/camera_pipe/camera_pipe_generator.cpp:122:32: applied
[HalideReplacement] irm::Halide_SubToMul at apps/camera_pipe/camera_pipe_generator.cpp:123:62: applied
[HalideReplacement] irm::Halide_SubToMul at apps/camera_pipe/camera_pipe_generator.cpp:124:51: applied
[HalideReplacement] irm::Halide_SubToMul at apps/camera_pipe/camera_pipe_generator.cpp:126:62: applied
[HalideReplacement] irm::Halide_SubToMul at apps/camera_pipe/camera_pipe_generator.cpp:126:32: applied
[HalideReplacement] irm::Halide_SubToMul at apps/camera_pipe/camera_pipe_generator.cpp:127:62: applied
[HalideReplacement] irm::Halide_SubToMul at apps/camera_pipe/camera_pipe_generator.cpp:128:51: applied
[HalideReplacement] irm::Halide_AddToDiv at apps/camera_pipe/camera_pipe_generator.cpp:18:43: applied
[HalideReplacement] irm::Halide_AddToDiv at apps/camera_pipe/camera_pipe_generator.cpp:18:47: applied
[HalideReplacement] irm::Halide_AddToMul at apps/camera_pipe/camera_pipe_generator.cpp:18:43: applied
[HalideReplacement] irm::Halide_AddToMul at apps/camera_pipe/camera_pipe_generator.cpp:18:47: applied
[HalideReplacement] irm::Halide_AddToSub at apps/camera_pipe/camera_pipe_generator.cpp:18:43: applied
[HalideReplacement] irm::Halide_AddToSub at apps/camera_pipe/camera_pipe_generator.cpp:18:47: applied
[HalideReplacement] irm::Halide_DivToAdd at apps/camera_pipe/camera_pipe_generator.cpp:18:52: applied
[HalideReplacement] irm::Halide_DivToMul at apps/camera_pipe/camera_pipe_generator.cpp:18:52: applied
[HalideReplacement] irm::Halide_DivToSub at apps/camera_pipe/camera_pipe_generator.cpp:18:52: applied
[HalideReplacement] irm::Halide_DivToAdd at apps/camera_pipe/camera_pipe_generator.cpp:33:45: applied
[HalideReplacement] irm::Halide_DivToAdd at apps/camera_pipe/camera_pipe_generator.cpp:33:58: applied
[HalideReplacement] irm::Halide_DivToMul at apps/camera_pipe/camera_pipe_generator.cpp:33:45: applied
[HalideReplacement] irm::Halide_DivToMul at apps/camera_pipe/camera_pipe_generator.cpp:33:58: applied
[HalideReplacement] irm::Halide_DivToSub at apps/camera_pipe/camera_pipe_generator.cpp:33:45: applied
[HalideReplacement] irm::Halide_DivToSub at apps/camera_pipe/camera_pipe_generator.cpp:33:58: applied
[HalideReplacement] irm::Halide_DivToAdd at apps/camera_pipe/camera_pipe_generator.cpp:27:42: applied
[HalideReplacement] irm::Halide_DivToAdd at apps/camera_pipe/camera_pipe_generator.cpp:27:55: applied
[HalideReplacement] irm::Halide_DivToMul at apps/camera_pipe/camera_pipe_generator.cpp:27:42: applied
[HalideReplacement] irm::Halide_DivToMul at apps/camera_pipe/camera_pipe_generator.cpp:27:55: applied
[HalideReplacement] irm::Halide_DivToSub at apps/camera_pipe/camera_pipe_generator.cpp:27:42: applied
[HalideReplacement] irm::Halide_DivToSub at apps/camera_pipe/camera_pipe_generator.cpp:27:55: applied
[HalideReplacement] irm::Halide_DivToAdd at /dev/shm/ardi_dslmut/halide16-build/include/Halide.h:13294:25: applied
[HalideReplacement] irm::Halide_DivToMul at /dev/shm/ardi_dslmut/halide16-build/include/Halide.h:13294:25: applied
[HalideReplacement] irm::Halide_DivToSub at /dev/shm/ardi_dslmut/halide16-build/include/Halide.h:13294:25: applied
[HalideReplacement] irm::Halide_SubToAdd at /dev/shm/ardi_dslmut/halide16-build/include/Halide.h:13282:25: applied
[HalideReplacement] irm::Halide_SubToDiv at /dev/shm/ardi_dslmut/halide16-build/include/Halide.h:13282:25: applied
[HalideReplacement] irm::Halide_SubToMul at /dev/shm/ardi_dslmut/halide16-build/include/Halide.h:13282:25: applied
[HalideReplacement] irm::Halide_DivToAdd at /dev/shm/ardi_dslmut/halide16-build/include/Halide.h:13297:20: applied
[HalideReplacement] irm::Halide_DivToMul at /dev/shm/ardi_dslmut/halide16-build/include/Halide.h:13297:20: applied
[HalideReplacement] irm::Halide_DivToSub at /dev/shm/ardi_dslmut/halide16-build/include/Halide.h:13297:20: applied
[HalideReplacement] irm::Halide_MulToAdd at /dev/shm/ardi_dslmut/halide16-build/include/Halide.h:13288:25: applied
[HalideReplacement] irm::Halide_MulToDiv at /dev/shm/ardi_dslmut/halide16-build/include/Halide.h:13288:25: applied
[HalideReplacement] irm::Halide_MulToSub at /dev/shm/ardi_dslmut/halide16-build/include/Halide.h:13288:25: applied
[HalideReplacement] irm::Halide_SubToAdd at /dev/shm/ardi_dslmut/halide16-build/include/Halide.h:13285:20: applied
[HalideReplacement] irm::Halide_SubToDiv at /dev/shm/ardi_dslmut/halide16-build/include/Halide.h:13285:20: applied
[HalideReplacement] irm::Halide_SubToMul at /dev/shm/ardi_dslmut/halide16-build/include/Halide.h:13285:20: applied
[HalideReplacement] irm::Halide_MulToAdd at /dev/shm/ardi_dslmut/halide16-build/include/Halide.h:13291:20: applied
[HalideReplacement] irm::Halide_MulToDiv at /dev/shm/ardi_dslmut/halide16-build/include/Halide.h:13291:20: applied
[HalideReplacement] irm::Halide_MulToSub at /dev/shm/ardi_dslmut/halide16-build/include/Halide.h:13291:20: applied
[HalideReplacement] irm::Halide_AddToDiv at /dev/shm/ardi_dslmut/halide16-build/include/Halide.h:13276:25: applied
[HalideReplacement] irm::Halide_AddToMul at /dev/shm/ardi_dslmut/halide16-build/include/Halide.h:13276:25: applied
[HalideReplacement] irm::Halide_AddToSub at /dev/shm/ardi_dslmut/halide16-build/include/Halide.h:13276:25: applied
[HalideReplacement] mutate() calls: total=497
[HalideReplacement]   applied                      497
[HalideReplacement]   skip_no_callee               0
[HalideReplacement]   skip_no_module               0
[HalideReplacement]   skip_sibling_absent_local    0
[HalideReplacement]   skip_type_mismatch           0
[HalideReplacement]   skip_sibling_bodyless        0
