[HalideReplacement] irm::Halide_AddToDiv at apps/unsharp/unsharp_generator.cpp:23:55: applied
[HalideReplacement] irm::Halide_AddToDiv at apps/unsharp/unsharp_generator.cpp:24:55: applied
[HalideReplacement] irm::Halide_AddToDiv at apps/unsharp/unsharp_generator.cpp:30:48: applied
[HalideReplacement] irm::Halide_AddToDiv at apps/unsharp/unsharp_generator.cpp:29:53: applied
[HalideReplacement] irm::Halide_AddToDiv at apps/unsharp/unsharp_generator.cpp:28:48: applied
[HalideReplacement] irm::Halide_AddToDiv at apps/unsharp/unsharp_generator.cpp:32:48: applied
[HalideReplacement] irm::Halide_AddToDiv at apps/unsharp/unsharp_generator.cpp:31:53: applied
[HalideReplacement] irm::Halide_AddToDiv at apps/unsharp/unsharp_generator.cpp:30:54: applied
[HalideReplacement] irm::Halide_AddToDiv at apps/unsharp/unsharp_generator.cpp:34:48: applied
[HalideReplacement] irm::Halide_AddToDiv at apps/unsharp/unsharp_generator.cpp:33:53: applied
[HalideReplacement] irm::Halide_AddToDiv at apps/unsharp/unsharp_generator.cpp:32:54: applied
[HalideReplacement] irm::Halide_AddToDiv at apps/unsharp/unsharp_generator.cpp:39:47: applied
[HalideReplacement] irm::Halide_AddToDiv at apps/unsharp/unsharp_generator.cpp:38:55: applied
[HalideReplacement] irm::Halide_AddToDiv at apps/unsharp/unsharp_generator.cpp:37:50: applied
[HalideReplacement] irm::Halide_AddToDiv at apps/unsharp/unsharp_generator.cpp:41:47: applied
[HalideReplacement] irm::Halide_AddToDiv at apps/unsharp/unsharp_generator.cpp:40:55: applied
[HalideReplacement] irm::Halide_AddToDiv at apps/unsharp/unsharp_generator.cpp:39:56: applied
[HalideReplacement] irm::Halide_AddToDiv at apps/unsharp/unsharp_generator.cpp:43:47: applied
[HalideReplacement] irm::Halide_AddToDiv at apps/unsharp/unsharp_generator.cpp:42:55: applied
[HalideReplacement] irm::Halide_AddToDiv at apps/unsharp/unsharp_generator.cpp:41:56: applied
[HalideReplacement] irm::Halide_AddToMul at apps/unsharp/unsharp_generator.cpp:23:55: applied
[HalideReplacement] irm::Halide_AddToMul at apps/unsharp/unsharp_generator.cpp:24:55: applied
[HalideReplacement] irm::Halide_AddToMul at apps/unsharp/unsharp_generator.cpp:30:48: applied
[HalideReplacement] irm::Halide_AddToMul at apps/unsharp/unsharp_generator.cpp:29:53: applied
[HalideReplacement] irm::Halide_AddToMul at apps/unsharp/unsharp_generator.cpp:28:48: applied
[HalideReplacement] irm::Halide_AddToMul at apps/unsharp/unsharp_generator.cpp:32:48: applied
[HalideReplacement] irm::Halide_AddToMul at apps/unsharp/unsharp_generator.cpp:31:53: applied
[HalideReplacement] irm::Halide_AddToMul at apps/unsharp/unsharp_generator.cpp:30:54: applied
[HalideReplacement] irm::Halide_AddToMul at apps/unsharp/unsharp_generator.cpp:34:48: applied
[HalideReplacement] irm::Halide_AddToMul at apps/unsharp/unsharp_generator.cpp:33:53: applied
[HalideReplacement] irm::Halide_AddToMul at apps/unsharp/unsharp_generator.cpp:32:54: applied
[HalideReplacement] irm::Halide_AddToMul at apps/unsharp/unsharp_generator.cpp:39:47: applied
[HalideReplacement] irm::Halide_AddToMul at apps/unsharp/unsharp_generator.cpp:38:55: applied
[HalideReplacement] irm::Halide_AddToMul at apps/unsharp/unsharp_generator.cpp:37:50: applied
[HalideReplacement] irm::Halide_AddToMul at apps/unsharp/unsharp_generator.cpp:41:47: applied
[HalideReplacement] irm::Halide_AddToMul at apps/unsharp/unsharp_generator.cpp:40:55: applied
[HalideReplacement] irm::Halide_AddToMul at apps/unsharp/unsharp_generator.cpp:39:56: applied
[HalideReplacement] irm::Halide_AddToMul at apps/unsharp/unsharp_generator.cpp:43:47: applied
[HalideReplacement] irm::Halide_AddToMul at apps/unsharp/unsharp_generator.cpp:42:55: applied
[HalideReplacement] irm::Halide_AddToMul at apps/unsharp/unsharp_generator.cpp:41:56: applied
[HalideReplacement] irm::Halide_AddToSub at apps/unsharp/unsharp_generator.cpp:23:55: applied
[HalideReplacement] irm::Halide_AddToSub at apps/unsharp/unsharp_generator.cpp:24:55: applied
[HalideReplacement] irm::Halide_AddToSub at apps/unsharp/unsharp_generator.cpp:30:48: applied
[HalideReplacement] irm::Halide_AddToSub at apps/unsharp/unsharp_generator.cpp:29:53: applied
[HalideReplacement] irm::Halide_AddToSub at apps/unsharp/unsharp_generator.cpp:28:48: applied
[HalideReplacement] irm::Halide_AddToSub at apps/unsharp/unsharp_generator.cpp:32:48: applied
[HalideReplacement] irm::Halide_AddToSub at apps/unsharp/unsharp_generator.cpp:31:53: applied
[HalideReplacement] irm::Halide_AddToSub at apps/unsharp/unsharp_generator.cpp:30:54: applied
[HalideReplacement] irm::Halide_AddToSub at apps/unsharp/unsharp_generator.cpp:34:48: applied
[HalideReplacement] irm::Halide_AddToSub at apps/unsharp/unsharp_generator.cpp:33:53: applied
[HalideReplacement] irm::Halide_AddToSub at apps/unsharp/unsharp_generator.cpp:32:54: applied
[HalideReplacement] irm::Halide_AddToSub at apps/unsharp/unsharp_generator.cpp:39:47: applied
[HalideReplacement] irm::Halide_AddToSub at apps/unsharp/unsharp_generator.cpp:38:55: applied
[HalideReplacement] irm::Halide_AddToSub at apps/unsharp/unsharp_generator.cpp:37:50: applied
[HalideReplacement] irm::Halide_AddToSub at apps/unsharp/unsharp_generator.cpp:41:47: applied
[HalideReplacement] irm::Halide_AddToSub at apps/unsharp/unsharp_generator.cpp:40:55: applied
[HalideReplacement] irm::Halide_AddToSub at apps/unsharp/unsharp_generator.cpp:39:56: applied
[HalideReplacement] irm::Halide_AddToSub at apps/unsharp/unsharp_generator.cpp:43:47: applied
[HalideReplacement] irm::Halide_AddToSub at apps/unsharp/unsharp_generator.cpp:42:55: applied
[HalideReplacement] irm::Halide_AddToSub at apps/unsharp/unsharp_generator.cpp:41:56: applied
[HalideReplacement] irm::Halide_DivToAdd at apps/unsharp/unsharp_generator.cpp:49:37: applied
[HalideReplacement] irm::Halide_DivToMul at apps/unsharp/unsharp_generator.cpp:49:37: applied
[HalideReplacement] irm::Halide_DivToSub at apps/unsharp/unsharp_generator.cpp:49:37: applied
[HalideReplacement] irm::Halide_MulToAdd at apps/unsharp/unsharp_generator.cpp:18:28: applied
[HalideReplacement] irm::Halide_MulToAdd at apps/unsharp/unsharp_generator.cpp:28:35: applied
[HalideReplacement] irm::Halide_MulToAdd at apps/unsharp/unsharp_generator.cpp:29:35: applied
[HalideReplacement] irm::Halide_MulToAdd at apps/unsharp/unsharp_generator.cpp:31:35: applied
[HalideReplacement] irm::Halide_MulToAdd at apps/unsharp/unsharp_generator.cpp:33:35: applied
[HalideReplacement] irm::Halide_MulToAdd at apps/unsharp/unsharp_generator.cpp:37:35: applied
[HalideReplacement] irm::Halide_MulToAdd at apps/unsharp/unsharp_generator.cpp:38:35: applied
[HalideReplacement] irm::Halide_MulToAdd at apps/unsharp/unsharp_generator.cpp:40:35: applied
[HalideReplacement] irm::Halide_MulToAdd at apps/unsharp/unsharp_generator.cpp:42:35: applied
[HalideReplacement] irm::Halide_MulToAdd at apps/unsharp/unsharp_generator.cpp:46:27: applied
[HalideReplacement] irm::Halide_MulToAdd at apps/unsharp/unsharp_generator.cpp:51:39: applied
[HalideReplacement] irm::Halide_MulToDiv at apps/unsharp/unsharp_generator.cpp:18:28: applied
[HalideReplacement] irm::Halide_MulToDiv at apps/unsharp/unsharp_generator.cpp:28:35: applied
[HalideReplacement] irm::Halide_MulToDiv at apps/unsharp/unsharp_generator.cpp:29:35: applied
[HalideReplacement] irm::Halide_MulToDiv at apps/unsharp/unsharp_generator.cpp:31:35: applied
[HalideReplacement] irm::Halide_MulToDiv at apps/unsharp/unsharp_generator.cpp:33:35: applied
[HalideReplacement] irm::Halide_MulToDiv at apps/unsharp/unsharp_generator.cpp:37:35: applied
[HalideReplacement] irm::Halide_MulToDiv at apps/unsharp/unsharp_generator.cpp:38:35: applied
[HalideReplacement] irm::Halide_MulToDiv at apps/unsharp/unsharp_generator.cpp:40:35: applied
[HalideReplacement] irm::Halide_MulToDiv at apps/unsharp/unsharp_generator.cpp:42:35: applied
[HalideReplacement] irm::Halide_MulToDiv at apps/unsharp/unsharp_generator.cpp:46:27: applied
[HalideReplacement] irm::Halide_MulToDiv at apps/unsharp/unsharp_generator.cpp:51:39: applied
[HalideReplacement] irm::Halide_MulToSub at apps/unsharp/unsharp_generator.cpp:18:28: applied
[HalideReplacement] irm::Halide_MulToSub at apps/unsharp/unsharp_generator.cpp:28:35: applied
[HalideReplacement] irm::Halide_MulToSub at apps/unsharp/unsharp_generator.cpp:29:35: applied
[HalideReplacement] irm::Halide_MulToSub at apps/unsharp/unsharp_generator.cpp:31:35: applied
[HalideReplacement] irm::Halide_MulToSub at apps/unsharp/unsharp_generator.cpp:33:35: applied
[HalideReplacement] irm::Halide_MulToSub at apps/unsharp/unsharp_generator.cpp:37:35: applied
[HalideReplacement] irm::Halide_MulToSub at apps/unsharp/unsharp_generator.cpp:38:35: applied
[HalideReplacement] irm::Halide_MulToSub at apps/unsharp/unsharp_generator.cpp:40:35: applied
[HalideReplacement] irm::Halide_MulToSub at apps/unsharp/unsharp_generator.cpp:42:35: applied
[HalideReplacement] irm::Halide_MulToSub at apps/unsharp/unsharp_generator.cpp:46:27: applied
[HalideReplacement] irm::Halide_MulToSub at apps/unsharp/unsharp_generator.cpp:51:39: applied
[HalideReplacement] irm::Halide_SubToAdd at apps/unsharp/unsharp_generator.cpp:29:48: applied
[HalideReplacement] irm::Halide_SubToAdd at apps/unsharp/unsharp_generator.cpp:31:48: applied
[HalideReplacement] irm::Halide_SubToAdd at apps/unsharp/unsharp_generator.cpp:33:48: applied
[HalideReplacement] irm::Halide_SubToAdd at apps/unsharp/unsharp_generator.cpp:38:47: applied
[HalideReplacement] irm::Halide_SubToAdd at apps/unsharp/unsharp_generator.cpp:40:47: applied
[HalideReplacement] irm::Halide_SubToAdd at apps/unsharp/unsharp_generator.cpp:42:47: applied
[HalideReplacement] irm::Halide_SubToAdd at apps/unsharp/unsharp_generator.cpp:46:40: applied
[HalideReplacement] irm::Halide_SubToDiv at apps/unsharp/unsharp_generator.cpp:29:48: applied
[HalideReplacement] irm::Halide_SubToDiv at apps/unsharp/unsharp_generator.cpp:31:48: applied
[HalideReplacement] irm::Halide_SubToDiv at apps/unsharp/unsharp_generator.cpp:33:48: applied
[HalideReplacement] irm::Halide_SubToDiv at apps/unsharp/unsharp_generator.cpp:38:47: applied
[HalideReplacement] irm::Halide_SubToDiv at apps/unsharp/unsharp_generator.cpp:40:47: applied
[HalideReplacement] irm::Halide_SubToDiv at apps/unsharp/unsharp_generator.cpp:42:47: applied
[HalideReplacement] irm::Halide_SubToDiv at apps/unsharp/unsharp_generator.cpp:46:40: applied
[HalideReplacement] irm::Halide_SubToMul at apps/unsharp/unsharp_generator.cpp:29:48: applied
[HalideReplacement] irm::Halide_SubToMul at apps/unsharp/unsharp_generator.cpp:31:48: applied
[HalideReplacement] irm::Halide_SubToMul at apps/unsharp/unsharp_generator.cpp:33:48: applied
[HalideReplacement] irm::Halide_SubToMul at apps/unsharp/unsharp_generator.cpp:38:47: applied
[HalideReplacement] irm::Halide_SubToMul at apps/unsharp/unsharp_generator.cpp:40:47: applied
[HalideReplacement] irm::Halide_SubToMul at apps/unsharp/unsharp_generator.cpp:42:47: applied
[HalideReplacement] irm::Halide_SubToMul at apps/unsharp/unsharp_generator.cpp:46:40: applied
[HalideReplacement] irm::Halide_DivToAdd at /dev/shm/ardi_dslmut/halide16-build/include/Halide.h:13294:25: applied
[HalideReplacement] irm::Halide_DivToMul at /dev/shm/ardi_dslmut/halide16-build/include/Halide.h:13294:25: applied
[HalideReplacement] irm::Halide_DivToSub at /dev/shm/ardi_dslmut/halide16-build/include/Halide.h:13294:25: applied
[HalideReplacement] irm::Halide_MulToAdd at /dev/shm/ardi_dslmut/halide16-build/include/Halide.h:13291:20: applied
[HalideReplacement] irm::Halide_MulToDiv at /dev/shm/ardi_dslmut/halide16-build/include/Halide.h:13291:20: applied
[HalideReplacement] irm::Halide_MulToSub at /dev/shm/ardi_dslmut/halide16-build/include/Halide.h:13291:20: applied
[HalideReplacement] mutate() calls: total=123
[HalideReplacement]   applied                      123
[HalideReplacement]   skip_no_callee               0
[HalideReplacement]   skip_no_module               0
[HalideReplacement]   skip_sibling_absent_local    0
[HalideReplacement]   skip_type_mismatch           0
[HalideReplacement]   skip_sibling_bodyless        0
